Using pip 26.0.1 from /home/schmidt/ssci-shufan/.conda/envs/rl/lib/python3.10/site-packages/pip (python 3.10)
Non-user install because site-packages writeable
Created temporary directory: /tmp/pip-build-tracker-qxuh4loz
Initialized build tracking at /tmp/pip-build-tracker-qxuh4loz
Created build tracker: /tmp/pip-build-tracker-qxuh4loz
Entered build tracker: /tmp/pip-build-tracker-qxuh4loz
Created temporary directory: /tmp/pip-install-htl67s77
Created temporary directory: /tmp/pip-ephem-wheel-cache-1cps6bbt
1 location(s) to search for versions of flash-attn:
* https://pypi.org/simple/flash-attn/
Fetching project page and analyzing links: https://pypi.org/simple/flash-attn/
Getting page https://pypi.org/simple/flash-attn/
Found index url https://pypi.org/simple/
Starting new HTTPS connection (1): pypi.org:443
https://pypi.org:443 "GET /simple/flash-attn/ HTTP/1.1" 200 8834
Fetched page https://pypi.org/simple/flash-attn/ as application/vnd.pypi.simple.v1+json
  Found link https://files.pythonhosted.org/packages/76/b2/296d07c9eae70b8b8e71938ebb753e052286947c59c4d9f75d12e8941afc/flash_attn-0.2.0.tar.gz (from https://pypi.org/simple/flash-attn/) (requires-python:>=3.7), version: 0.2.0
  Found link https://files.pythonhosted.org/packages/f3/6a/4c0bfde34ed78d5d4e1f23917f8405cd7e2cc5560827d3fb023e88b2c6fa/flash_attn-0.2.1.tar.gz (from https://pypi.org/simple/flash-attn/) (requires-python:>=3.7), version: 0.2.1
  Found link https://files.pythonhosted.org/packages/4a/96/2ad062b5ff5cfe64c2c557cfef54eaefc49831301fdae2cc6a34b2a169f0/flash_attn-0.2.2.tar.gz (from https://pypi.org/simple/flash-attn/) (requires-python:>=3.7), version: 0.2.2
  Found link https://files.pythonhosted.org/packages/db/64/de6ecd80b6658d8008772e41838822828e714c8faa52fc8c19db8c4ca8cd/flash_attn-0.2.3.tar.gz (from https://pypi.org/simple/flash-attn/) (requires-python:>=3.7), version: 0.2.3
  Found link https://files.pythonhosted.org/packages/07/79/fa7825f1a64aa7ba88299ba3aa5148f45eef748e9fb6d862c73bbf0769b0/flash_attn-0.2.4.tar.gz (from https://pypi.org/simple/flash-attn/) (requires-python:>=3.7), version: 0.2.4
  Found link https://files.pythonhosted.org/packages/8d/29/c476efe31ea15d574fa952ff935d879dd2e40d2c0afc13fe5e4d54ca8de9/flash_attn-0.2.5.tar.gz (from https://pypi.org/simple/flash-attn/) (requires-python:>=3.7), version: 0.2.5
  Found link https://files.pythonhosted.org/packages/a0/d5/eaeea25b49a3e3d746c87e2f9b44045ed65c928829c7a9ac855b513fde3a/flash_attn-0.2.6.post1.tar.gz (from https://pypi.org/simple/flash-attn/) (requires-python:>=3.7), version: 0.2.6.post1
  Found link https://files.pythonhosted.org/packages/86/84/db179a480ae31b1093d07ce44452d2a0d8bdf98fd45985f2b68a42e2a364/flash_attn-0.2.7.tar.gz (from https://pypi.org/simple/flash-attn/) (requires-python:>=3.7), version: 0.2.7
  Found link https://files.pythonhosted.org/packages/07/ca/2d8a5fc64b0b4bcc1b98b1ff7f37d8a0661234bc74e94bac5f67551896f8/flash_attn-0.2.8.tar.gz (from https://pypi.org/simple/flash-attn/) (requires-python:>=3.7), version: 0.2.8
  Found link https://files.pythonhosted.org/packages/1d/a3/c0c75c46b9277c57e085bae24000d9914254952f77a4129776b4f412817a/flash_attn-1.0.0.tar.gz (from https://pypi.org/simple/flash-attn/) (requires-python:>=3.7), version: 1.0.0
  Found link https://files.pythonhosted.org/packages/da/91/deec91e54d7876b73c5ad37004fa0d7cd6eb1e816b355252f0b7fdfe8d51/flash_attn-1.0.1.tar.gz (from https://pypi.org/simple/flash-attn/) (requires-python:>=3.7), version: 1.0.1
  Found link https://files.pythonhosted.org/packages/b2/e9/2d689d1fe3585c0167265eed3239f4e26bb4f2c691037a960724a919cde2/flash_attn-1.0.2.tar.gz (from https://pypi.org/simple/flash-attn/) (requires-python:>=3.7), version: 1.0.2
  Found link https://files.pythonhosted.org/packages/39/17/e85eac59710421e1bc01eb93a12d37867f3a03c96cfb375997cc18f235b4/flash_attn-1.0.3.tar.gz (from https://pypi.org/simple/flash-attn/) (requires-python:>=3.7), version: 1.0.3
  Found link https://files.pythonhosted.org/packages/e6/ae/7bb436c59cf87da603f16f5dee5beeadd18b2b2331e49db012ac34e617ff/flash_attn-1.0.3.post0.tar.gz (from https://pypi.org/simple/flash-attn/) (requires-python:>=3.7), version: 1.0.3.post0
  Found link https://files.pythonhosted.org/packages/25/0f/80f16a741e328342ed4e9b3c010ec87f0ef939a71154b7b8bd22d70a0bb8/flash_attn-1.0.4.tar.gz (from https://pypi.org/simple/flash-attn/) (requires-python:>=3.7), version: 1.0.4
  Found link https://files.pythonhosted.org/packages/f0/b1/5e8d517b76f6efce8ba2a47f8b4e7e463a3ea0c1b3677c738fb819888369/flash_attn-1.0.5.tar.gz (from https://pypi.org/simple/flash-attn/) (requires-python:>=3.7), version: 1.0.5
  Found link https://files.pythonhosted.org/packages/59/12/b17409e6abbf4d2b450842be6f83842c83611af90f8009f4924c1e2211ed/flash_attn-1.0.6.tar.gz (from https://pypi.org/simple/flash-attn/) (requires-python:>=3.7), version: 1.0.6
  Found link https://files.pythonhosted.org/packages/14/61/3d89d15877e8c4bfa7aba4a23a01905123ce4b59a068b136f44d118bb5eb/flash_attn-1.0.7.tar.gz (from https://pypi.org/simple/flash-attn/) (requires-python:>=3.7), version: 1.0.7
  Found link https://files.pythonhosted.org/packages/2b/8f/4f33f2c0538980a0c21fb9fc79288b8a553cba5328d6e7923d3af1630842/flash_attn-1.0.8.tar.gz (from https://pypi.org/simple/flash-attn/) (requires-python:>=3.7), version: 1.0.8
  Found link https://files.pythonhosted.org/packages/96/9c/0550790c1f94bb223abd67cdeaece462c0ac56b5cf2cf84080a593e57987/flash_attn-1.0.9.tar.gz (from https://pypi.org/simple/flash-attn/) (requires-python:>=3.7), version: 1.0.9
  Found link https://files.pythonhosted.org/packages/a4/52/868536dd609c42071c2b9aeda8ceb11cf7186508ff568021beaa7dab09a8/flash_attn-2.0.0.post1.tar.gz (from https://pypi.org/simple/flash-attn/) (requires-python:>=3.7), version: 2.0.0.post1
  Found link https://files.pythonhosted.org/packages/8a/fc/2aaa1def50b35e29abf44fbdfbb301aeb34b02e7e9724cac2eb95d5b22f4/flash_attn-2.0.1.tar.gz (from https://pypi.org/simple/flash-attn/) (requires-python:>=3.7), version: 2.0.1
  Found link https://files.pythonhosted.org/packages/98/58/da22da6184dca61d2c2f372bb6b261b2d09fae2aff7e4180748a94e8183b/flash_attn-2.0.2.tar.gz (from https://pypi.org/simple/flash-attn/) (requires-python:>=3.7), version: 2.0.2
  Found link https://files.pythonhosted.org/packages/25/3d/c3aac97d522c41efb3140a2b2a66f12809e6282727ec61687837da9c13cc/flash_attn-2.0.3.tar.gz (from https://pypi.org/simple/flash-attn/) (requires-python:>=3.7), version: 2.0.3
  Found link https://files.pythonhosted.org/packages/81/29/7b1efb88be914d74d984848fb6cf3afcb7777f9120a989954d988bd37382/flash_attn-2.0.4.tar.gz (from https://pypi.org/simple/flash-attn/) (requires-python:>=3.7), version: 2.0.4
  Found link https://files.pythonhosted.org/packages/53/84/c81d5ed33dedc7a963f1d7260302b90912fe634735989703dce74e8646ab/flash_attn-2.0.5.tar.gz (from https://pypi.org/simple/flash-attn/) (requires-python:>=3.7), version: 2.0.5
  Found link https://files.pythonhosted.org/packages/76/8d/354f4691676267243587bb8f672ca85ee3a7877fdb252ca700be533f07dd/flash_attn-2.0.6.tar.gz (from https://pypi.org/simple/flash-attn/) (requires-python:>=3.7), version: 2.0.6
  Found link https://files.pythonhosted.org/packages/58/81/e48445d7dda2db0c8e05669f24de2b2cdd78569da52f4f757a7c3d71630f/flash_attn-2.0.6.post2.tar.gz (from https://pypi.org/simple/flash-attn/) (requires-python:>=3.7), version: 2.0.6.post2
  Found link https://files.pythonhosted.org/packages/05/da/f9efbfd9d8e0997c43297ab400eed067647580f5d33cef1dc911738cd641/flash_attn-2.0.7.tar.gz (from https://pypi.org/simple/flash-attn/) (requires-python:>=3.7), version: 2.0.7
  Found link https://files.pythonhosted.org/packages/89/6f/5871a94c3752a605b3491fa53ea79eebdd7504d3cedbd44b57c9fe0c0830/flash_attn-2.0.8.tar.gz (from https://pypi.org/simple/flash-attn/) (requires-python:>=3.7), version: 2.0.8
  Found link https://files.pythonhosted.org/packages/c3/b7/2d2e1280f12ef4c18cadcda1557f8fbd5a78af72d6b07dbdb4154086daf1/flash_attn-2.0.9.tar.gz (from https://pypi.org/simple/flash-attn/) (requires-python:>=3.7), version: 2.0.9
  Found link https://files.pythonhosted.org/packages/1f/6b/0e855eacf133ed50c69c47007b053f6f5d7d246f2a7e70a029835db6327a/flash_attn-2.1.0.tar.gz (from https://pypi.org/simple/flash-attn/) (requires-python:>=3.7), version: 2.1.0
  Found link https://files.pythonhosted.org/packages/fb/2e/050d6778e547c6b5e00e828eb14d37361f472f28fdf351bfa8ce0c4c0f86/flash_attn-2.1.1.tar.gz (from https://pypi.org/simple/flash-attn/) (requires-python:>=3.7), version: 2.1.1
  Found link https://files.pythonhosted.org/packages/e1/4f/a1af29578bbfad861b1a6a6149bd3c5bec8819274f6e176e5cda49350438/flash_attn-2.1.2.post3.tar.gz (from https://pypi.org/simple/flash-attn/) (requires-python:>=3.7), version: 2.1.2.post3
  Found link https://files.pythonhosted.org/packages/42/5a/0ffb8271ad4a09b16da2cf84f5d4133346332100cf312ee1fb61f404ea20/flash_attn-2.2.0.tar.gz (from https://pypi.org/simple/flash-attn/) (requires-python:>=3.7), version: 2.2.0
  Found link https://files.pythonhosted.org/packages/58/85/87a593a7cca09963ed2e126b0ae5ff604c4a13040966ecc8a6f6966b6521/flash_attn-2.2.1.tar.gz (from https://pypi.org/simple/flash-attn/) (requires-python:>=3.7), version: 2.2.1
  Found link https://files.pythonhosted.org/packages/35/e0/1c5a45aadf04b30bbdf482a9ccb57aadef2bc2d0ce4d2df8a5545de1406d/flash_attn-2.2.2.tar.gz (from https://pypi.org/simple/flash-attn/) (requires-python:>=3.7), version: 2.2.2
  Found link https://files.pythonhosted.org/packages/06/e9/63bb6ff4bf0daa9d7c5a8313dcb609cddd1d14262bc17856195230938ff7/flash_attn-2.2.3.post2.tar.gz (from https://pypi.org/simple/flash-attn/) (requires-python:>=3.7), version: 2.2.3.post2
  Found link https://files.pythonhosted.org/packages/d6/d2/e4c141a71850228e6a3eb079ebe2284fe9630870bfc44d649703377622f8/flash_attn-2.2.4.tar.gz (from https://pypi.org/simple/flash-attn/) (requires-python:>=3.7), version: 2.2.4
  Found link https://files.pythonhosted.org/packages/98/37/7ffb02e256a651a512d7c04e649cb224bdf308affa7738297d8ce064d439/flash_attn-2.2.4.post1.tar.gz (from https://pypi.org/simple/flash-attn/) (requires-python:>=3.7), version: 2.2.4.post1
  Found link https://files.pythonhosted.org/packages/e6/f6/362df2a546a8fa6b19e490786641849844b0192c47aac7337549db0871ef/flash_attn-2.2.5.tar.gz (from https://pypi.org/simple/flash-attn/) (requires-python:>=3.7), version: 2.2.5
  Found link https://files.pythonhosted.org/packages/94/0d/29750f4dc66fc5345eb26cc1206a8fe70b73da76be1c175e1928151f7ff5/flash_attn-2.3.0.tar.gz (from https://pypi.org/simple/flash-attn/) (requires-python:>=3.7), version: 2.3.0
  Found link https://files.pythonhosted.org/packages/99/dd/1a676d8ff943482e1f39dbed29648f48931227ab135271afed0de63cf8f2/flash_attn-2.3.1.post1.tar.gz (from https://pypi.org/simple/flash-attn/) (requires-python:>=3.7), version: 2.3.1.post1
  Found link https://files.pythonhosted.org/packages/92/7e/b3441b15faf8404bac4e1fd0f0a9562b154392a3e93e53676cbe565b9139/flash_attn-2.3.2.tar.gz (from https://pypi.org/simple/flash-attn/) (requires-python:>=3.7), version: 2.3.2
  Found link https://files.pythonhosted.org/packages/fa/d5/8285a20ed850824c9c0917dff851571f0b18402db8a52c20b7486d4d70d7/flash_attn-2.3.3.tar.gz (from https://pypi.org/simple/flash-attn/) (requires-python:>=3.7), version: 2.3.3
  Found link https://files.pythonhosted.org/packages/f0/98/f8a51e5239e54694767d3a9c73c1f53e7ac07c55e29611a21c607b35acb0/flash_attn-2.3.4.tar.gz (from https://pypi.org/simple/flash-attn/) (requires-python:>=3.7), version: 2.3.4
  Found link https://files.pythonhosted.org/packages/26/19/a8883f2bb5f915355581e1c715126c792c59bc2de619f151dcf858ea7caf/flash_attn-2.3.5.tar.gz (from https://pypi.org/simple/flash-attn/) (requires-python:>=3.7), version: 2.3.5
  Found link https://files.pythonhosted.org/packages/3c/49/95b86adfc0d90676dcb07fcbef47c71997e6e7c9e71fda51598a962d9148/flash_attn-2.3.6.tar.gz (from https://pypi.org/simple/flash-attn/) (requires-python:>=3.7), version: 2.3.6
  Found link https://files.pythonhosted.org/packages/f5/83/a9630a1954b90bba3d0e78bc8e089f3dbda763d98c80a2c42c9bae7a8fd3/flash_attn-2.4.0.post1.tar.gz (from https://pypi.org/simple/flash-attn/) (requires-python:>=3.7), version: 2.4.0.post1
  Found link https://files.pythonhosted.org/packages/c9/96/9a9b1366d9c4e7b463d04a11a49a55ba6c541226c7288cc907ac819ea726/flash_attn-2.4.1.tar.gz (from https://pypi.org/simple/flash-attn/) (requires-python:>=3.7), version: 2.4.1
  Found link https://files.pythonhosted.org/packages/4e/2f/a8d5495cd020e70474095107f0519a11fdff81a2a6cc15755feb1e19b027/flash_attn-2.4.2.tar.gz (from https://pypi.org/simple/flash-attn/) (requires-python:>=3.7), version: 2.4.2
  Found link https://files.pythonhosted.org/packages/92/95/b6c58e6747917f6f49c7555dd4a6eb39d31015f43c9300c45a3920006a6e/flash_attn-2.4.3.post1.tar.gz (from https://pypi.org/simple/flash-attn/) (requires-python:>=3.7), version: 2.4.3.post1
  Found link https://files.pythonhosted.org/packages/9a/af/cab63e9729610f8ed2959bef8829d97d0c7b032ffe8ad349e461b42bd265/flash_attn-2.5.0.tar.gz (from https://pypi.org/simple/flash-attn/) (requires-python:>=3.7), version: 2.5.0
  Found link https://files.pythonhosted.org/packages/aa/08/307abdfc467390f61c2dd478ad5eaf377b6bc04ab44a17744b4c56207c88/flash_attn-2.5.1.post1.tar.gz (from https://pypi.org/simple/flash-attn/) (requires-python:>=3.7), version: 2.5.1.post1
  Found link https://files.pythonhosted.org/packages/fc/ed/f106dfd805c71769c3c4c201541cc7c69c0f0facf6ed05d98e16fad7c6cc/flash_attn-2.5.2.tar.gz (from https://pypi.org/simple/flash-attn/) (requires-python:>=3.7), version: 2.5.2
  Found link https://files.pythonhosted.org/packages/b9/ec/953adfbd9d95b0e9385d3946b81c0446ae723f70fafcb0b5c40e10f5d7f2/flash_attn-2.5.3.tar.gz (from https://pypi.org/simple/flash-attn/) (requires-python:>=3.7), version: 2.5.3
  Found link https://files.pythonhosted.org/packages/4e/7b/b42299ad0edf4d185c883dcf83d4f31bf577e8e86f20e70b8ea8ebc0d75d/flash_attn-2.5.4.tar.gz (from https://pypi.org/simple/flash-attn/) (requires-python:>=3.7), version: 2.5.4
  Found link https://files.pythonhosted.org/packages/3b/ff/33a4ccc778c56d2ab9845b5ea09ab15d368ac39fa945f0bd2bd2724e18e8/flash_attn-2.5.5.tar.gz (from https://pypi.org/simple/flash-attn/) (requires-python:>=3.7), version: 2.5.5
  Found link https://files.pythonhosted.org/packages/85/52/9834eb88dd8a8be13b5399a32f23a79f0a307d9708f92e2b4778afaae0d4/flash_attn-2.5.6.tar.gz (from https://pypi.org/simple/flash-attn/) (requires-python:>=3.7), version: 2.5.6
  Found link https://files.pythonhosted.org/packages/21/cb/33a1f833ac4742c8adba063715bf769831f96d99dbbbb4be1b197b637872/flash_attn-2.5.7.tar.gz (from https://pypi.org/simple/flash-attn/) (requires-python:>=3.7), version: 2.5.7
  Found link https://files.pythonhosted.org/packages/72/94/06f618bb338ec7203b48ac542e73087362b7750f9c568b13d213a3f181bb/flash_attn-2.5.8.tar.gz (from https://pypi.org/simple/flash-attn/) (requires-python:>=3.7), version: 2.5.8
  Found link https://files.pythonhosted.org/packages/14/cd/53cbd9bd45e9bf1002f0c4de488e549501d085f4318c906807a0e50164cd/flash_attn-2.5.9.post1.tar.gz (from https://pypi.org/simple/flash-attn/) (requires-python:>=3.7), version: 2.5.9.post1
  Found link https://files.pythonhosted.org/packages/67/e6/064aadb58fbcd5fc6281809ec75f32abc38b2fd9152ae7e40557f0f8a199/flash_attn-2.6.0.post1.tar.gz (from https://pypi.org/simple/flash-attn/) (requires-python:>=3.8), version: 2.6.0.post1
  Found link https://files.pythonhosted.org/packages/d2/bb/9d159e09a8ea838cb8128963000efcb31e90dba0951083d3eca099d3b2d7/flash_attn-2.6.1.tar.gz (from https://pypi.org/simple/flash-attn/) (requires-python:>=3.8), version: 2.6.1
  Found link https://files.pythonhosted.org/packages/b0/b2/09c651d7980a68f1dd55d6180d99b0605957911cca0c305f10b3fb72a36b/flash_attn-2.6.2.tar.gz (from https://pypi.org/simple/flash-attn/) (requires-python:>=3.8), version: 2.6.2
  Found link https://files.pythonhosted.org/packages/cd/1e/21321670cd3c2f225026d9fd89272cae661529238850e79f48ccf2f9e4e3/flash_attn-2.6.3.tar.gz (from https://pypi.org/simple/flash-attn/) (requires-python:>=3.8), version: 2.6.3
  Found link https://files.pythonhosted.org/packages/40/2c/90bf7f2b4800708e3a8a62694c935283b492384a0a791cfefbedd9138e1b/flash_attn-2.7.0.post2.tar.gz (from https://pypi.org/simple/flash-attn/) (requires-python:>=3.8), version: 2.7.0.post2
  Found link https://files.pythonhosted.org/packages/64/e2/8b14ec787d0d4bbfd9aac1e041a1f135e74e9b3883f0e3bb828c547dcf4a/flash_attn-2.7.1.post4.tar.gz (from https://pypi.org/simple/flash-attn/) (requires-python:>=3.9), version: 2.7.1.post4
  Found link https://files.pythonhosted.org/packages/83/29/48df18cb51902a7cb7a0ee13327bb2cf50b6ba24bd2e8283d0a9538dde52/flash_attn-2.7.2.post1.tar.gz (from https://pypi.org/simple/flash-attn/) (requires-python:>=3.9), version: 2.7.2.post1
  Found link https://files.pythonhosted.org/packages/81/f5/59b0727da8c041c0e5eb9feba068e27c88b2cead0e03083c5c6d444d004b/flash_attn-2.7.3.tar.gz (from https://pypi.org/simple/flash-attn/) (requires-python:>=3.9), version: 2.7.3
  Found link https://files.pythonhosted.org/packages/11/34/9bf60e736ed7bbe15055ac2dab48ec67d9dbd088d2b4ae318fd77190ab4e/flash_attn-2.7.4.post1.tar.gz (from https://pypi.org/simple/flash-attn/) (requires-python:>=3.9), version: 2.7.4.post1
  Found link https://files.pythonhosted.org/packages/32/5c/c7610beeb2fc0e70d0c09a93490bb2d07fb6c8fa1f80ef9617b0cd556d76/flash_attn-2.8.0.post2.tar.gz (from https://pypi.org/simple/flash-attn/) (requires-python:>=3.9), version: 2.8.0.post2
  Found link https://files.pythonhosted.org/packages/e8/6d/7066d160bdffa2f9da29a8c3957f266b17a03ca0b3bdc8fdae86d9881fe7/flash_attn-2.8.1.tar.gz (from https://pypi.org/simple/flash-attn/) (requires-python:>=3.9), version: 2.8.1
  Found link https://files.pythonhosted.org/packages/63/91/91bcbd7424877fa8da4e7cc04b8a777247a33037b9c1fd976a5ad426c047/flash_attn-2.8.2.tar.gz (from https://pypi.org/simple/flash-attn/) (requires-python:>=3.9), version: 2.8.2
  Found link https://files.pythonhosted.org/packages/3b/b2/8d76c41ad7974ee264754709c22963447f7f8134613fd9ce80984ed0dab7/flash_attn-2.8.3.tar.gz (from https://pypi.org/simple/flash-attn/) (requires-python:>=3.9), version: 2.8.3
Skipping link: not a file: https://pypi.org/simple/flash-attn/
Given no hashes to check 75 links for project 'flash-attn': discarding no candidates
Collecting flash-attn
  Created temporary directory: /tmp/pip-unpack-h8dd1vb9
  Starting new HTTPS connection (1): files.pythonhosted.org:443
  https://files.pythonhosted.org:443 "GET /packages/3b/b2/8d76c41ad7974ee264754709c22963447f7f8134613fd9ce80984ed0dab7/flash_attn-2.8.3.tar.gz HTTP/1.1" 200 8447812
  Downloading flash_attn-2.8.3.tar.gz (8.4 MB)
     ━━━━━━━━━━━━━━━━━━━━━━━━━━━━━━━━━━━━━━━━ 8.4/8.4 MB 47.3 MB/s  0:00:00
  Added flash-attn from https://files.pythonhosted.org/packages/3b/b2/8d76c41ad7974ee264754709c22963447f7f8134613fd9ce80984ed0dab7/flash_attn-2.8.3.tar.gz to build tracker '/tmp/pip-build-tracker-qxuh4loz'
  Created temporary directory: /tmp/pip-modern-metadata-2nababjt
  Preparing metadata (pyproject.toml): started
  Preparing metadata (pyproject.toml): finished with status 'done'
  Source in /tmp/pip-install-htl67s77/flash-attn_d67d51e7ec6446079495d41f058557b9 has version 2.8.3, which satisfies requirement flash-attn from https://files.pythonhosted.org/packages/3b/b2/8d76c41ad7974ee264754709c22963447f7f8134613fd9ce80984ed0dab7/flash_attn-2.8.3.tar.gz
  Removed flash-attn from https://files.pythonhosted.org/packages/3b/b2/8d76c41ad7974ee264754709c22963447f7f8134613fd9ce80984ed0dab7/flash_attn-2.8.3.tar.gz from build tracker '/tmp/pip-build-tracker-qxuh4loz'
Requirement already satisfied: torch in /weka/home/schmidt/ssci-shufan/.conda/envs/rl/lib/python3.10/site-packages (from flash-attn) (2.10.0)
Requirement already satisfied: einops in /weka/home/schmidt/ssci-shufan/.conda/envs/rl/lib/python3.10/site-packages (from flash-attn) (0.8.2)
Requirement already satisfied: filelock in /weka/home/schmidt/ssci-shufan/.conda/envs/rl/lib/python3.10/site-packages (from torch->flash-attn) (3.25.2)
Requirement already satisfied: typing-extensions>=4.10.0 in /weka/home/schmidt/ssci-shufan/.conda/envs/rl/lib/python3.10/site-packages (from torch->flash-attn) (4.15.0)
Requirement already satisfied: sympy>=1.13.3 in /weka/home/schmidt/ssci-shufan/.conda/envs/rl/lib/python3.10/site-packages (from torch->flash-attn) (1.14.0)
Requirement already satisfied: networkx>=2.5.1 in /weka/home/schmidt/ssci-shufan/.conda/envs/rl/lib/python3.10/site-packages (from torch->flash-attn) (3.4.2)
Requirement already satisfied: jinja2 in /weka/home/schmidt/ssci-shufan/.conda/envs/rl/lib/python3.10/site-packages (from torch->flash-attn) (3.1.6)
Requirement already satisfied: fsspec>=0.8.5 in /weka/home/schmidt/ssci-shufan/.conda/envs/rl/lib/python3.10/site-packages (from torch->flash-attn) (2026.2.0)
Requirement already satisfied: cuda-bindings==12.9.4 in /weka/home/schmidt/ssci-shufan/.conda/envs/rl/lib/python3.10/site-packages (from torch->flash-attn) (12.9.4)
Requirement already satisfied: nvidia-cuda-nvrtc-cu12==12.8.93 in /weka/home/schmidt/ssci-shufan/.conda/envs/rl/lib/python3.10/site-packages (from torch->flash-attn) (12.8.93)
Requirement already satisfied: nvidia-cuda-runtime-cu12==12.8.90 in /weka/home/schmidt/ssci-shufan/.conda/envs/rl/lib/python3.10/site-packages (from torch->flash-attn) (12.8.90)
Requirement already satisfied: nvidia-cuda-cupti-cu12==12.8.90 in /weka/home/schmidt/ssci-shufan/.conda/envs/rl/lib/python3.10/site-packages (from torch->flash-attn) (12.8.90)
Requirement already satisfied: nvidia-cudnn-cu12==9.10.2.21 in /weka/home/schmidt/ssci-shufan/.conda/envs/rl/lib/python3.10/site-packages (from torch->flash-attn) (9.10.2.21)
Requirement already satisfied: nvidia-cublas-cu12==12.8.4.1 in /weka/home/schmidt/ssci-shufan/.conda/envs/rl/lib/python3.10/site-packages (from torch->flash-attn) (12.8.4.1)
Requirement already satisfied: nvidia-cufft-cu12==11.3.3.83 in /weka/home/schmidt/ssci-shufan/.conda/envs/rl/lib/python3.10/site-packages (from torch->flash-attn) (11.3.3.83)
Requirement already satisfied: nvidia-curand-cu12==10.3.9.90 in /weka/home/schmidt/ssci-shufan/.conda/envs/rl/lib/python3.10/site-packages (from torch->flash-attn) (10.3.9.90)
Requirement already satisfied: nvidia-cusolver-cu12==11.7.3.90 in /weka/home/schmidt/ssci-shufan/.conda/envs/rl/lib/python3.10/site-packages (from torch->flash-attn) (11.7.3.90)
Requirement already satisfied: nvidia-cusparse-cu12==12.5.8.93 in /weka/home/schmidt/ssci-shufan/.conda/envs/rl/lib/python3.10/site-packages (from torch->flash-attn) (12.5.8.93)
Requirement already satisfied: nvidia-cusparselt-cu12==0.7.1 in /weka/home/schmidt/ssci-shufan/.conda/envs/rl/lib/python3.10/site-packages (from torch->flash-attn) (0.7.1)
Requirement already satisfied: nvidia-nccl-cu12==2.27.5 in /weka/home/schmidt/ssci-shufan/.conda/envs/rl/lib/python3.10/site-packages (from torch->flash-attn) (2.27.5)
Requirement already satisfied: nvidia-nvshmem-cu12==3.4.5 in /weka/home/schmidt/ssci-shufan/.conda/envs/rl/lib/python3.10/site-packages (from torch->flash-attn) (3.4.5)
Requirement already satisfied: nvidia-nvtx-cu12==12.8.90 in /weka/home/schmidt/ssci-shufan/.conda/envs/rl/lib/python3.10/site-packages (from torch->flash-attn) (12.8.90)
Requirement already satisfied: nvidia-nvjitlink-cu12==12.8.93 in /weka/home/schmidt/ssci-shufan/.conda/envs/rl/lib/python3.10/site-packages (from torch->flash-attn) (12.8.93)
Requirement already satisfied: nvidia-cufile-cu12==1.13.1.3 in /weka/home/schmidt/ssci-shufan/.conda/envs/rl/lib/python3.10/site-packages (from torch->flash-attn) (1.13.1.3)
Requirement already satisfied: triton==3.6.0 in /weka/home/schmidt/ssci-shufan/.conda/envs/rl/lib/python3.10/site-packages (from torch->flash-attn) (3.6.0)
Requirement already satisfied: cuda-pathfinder~=1.1 in /weka/home/schmidt/ssci-shufan/.conda/envs/rl/lib/python3.10/site-packages (from cuda-bindings==12.9.4->torch->flash-attn) (1.5.2)
Requirement already satisfied: mpmath<1.4,>=1.1.0 in /weka/home/schmidt/ssci-shufan/.conda/envs/rl/lib/python3.10/site-packages (from sympy>=1.13.3->torch->flash-attn) (1.3.0)
Requirement already satisfied: MarkupSafe>=2.0 in /weka/home/schmidt/ssci-shufan/.conda/envs/rl/lib/python3.10/site-packages (from jinja2->torch->flash-attn) (3.0.3)
Created temporary directory: /tmp/pip-unpack-h186n6s1
Building wheels for collected packages: flash-attn
  Destination directory: /tmp/pip-ephem-wheel-cache-1cps6bbt/wheels/f5/05/1e/a6726e9eee2e7ee6151dbfed113e89d220dd3964ba617ab32d/tmpgo230_s6
  Building wheel for flash-attn (pyproject.toml): started
  Building wheel for flash-attn (pyproject.toml): finished with status 'done'
  Created wheel for flash-attn: filename=flash_attn-2.8.3-cp310-cp310-linux_x86_64.whl size=251113783 sha256=107b0bb6e84c3dcc99c1cb418aa0bfd93dd499bf5fcbeaeab2c666b16df745ef
  Stored in directory: /tmp/pip-ephem-wheel-cache-1cps6bbt/wheels/f5/05/1e/a6726e9eee2e7ee6151dbfed113e89d220dd3964ba617ab32d
Successfully built flash-attn
Installing collected packages: flash-attn

Successfully installed flash-attn-2.8.3
1 location(s) to search for versions of pip:
* https://pypi.org/simple/pip/
Fetching project page and analyzing links: https://pypi.org/simple/pip/
Getting page https://pypi.org/simple/pip/
Found index url https://pypi.org/simple/
Starting new HTTPS connection (1): pypi.org:443
https://pypi.org:443 "GET /simple/pip/ HTTP/1.1" 200 36977
Fetched page https://pypi.org/simple/pip/ as application/vnd.pypi.simple.v1+json
  Found link https://files.pythonhosted.org/packages/3d/9d/1e313763bdfb6a48977b65829c6ce2a43eaae29ea2f907c8bbef024a7219/pip-0.2.tar.gz (from https://pypi.org/simple/pip/), version: 0.2
  Found link https://files.pythonhosted.org/packages/18/ad/c0fe6cdfe1643a19ef027c7168572dac6283b80a384ddf21b75b921877da/pip-0.2.1.tar.gz (from https://pypi.org/simple/pip/), version: 0.2.1
  Found link https://files.pythonhosted.org/packages/17/05/f66144ef69b436d07f8eeeb28b7f77137f80de4bf60349ec6f0f9509e801/pip-0.3.tar.gz (from https://pypi.org/simple/pip/), version: 0.3
  Found link https://files.pythonhosted.org/packages/0a/bb/d087c9a1415f8726e683791c0b2943c53f2b76e69f527f2e2b2e9f9e7b5c/pip-0.3.1.tar.gz (from https://pypi.org/simple/pip/), version: 0.3.1
  Found link https://files.pythonhosted.org/packages/cf/c3/153571aaac6cf999f4bb09c019b1ff379b7b599ea833813a41c784eec995/pip-0.4.tar.gz (from https://pypi.org/simple/pip/), version: 0.4
  Found link https://files.pythonhosted.org/packages/8d/c7/f05c87812fa5d9562ecbc5f4f1fc1570444f53c81c834a7f662af406e3c1/pip-0.5.tar.gz (from https://pypi.org/simple/pip/), version: 0.5
  Found link https://files.pythonhosted.org/packages/9a/aa/f536b6d14fe03343367da2ff44eee28f340ae650cd017ca088b6be13084a/pip-0.5.1.tar.gz (from https://pypi.org/simple/pip/), version: 0.5.1
  Found link https://files.pythonhosted.org/packages/db/e6/fdf7be8a17b032c533d3f91e91e2c63dd81d3627cbe4113248a00c2d39d8/pip-0.6.tar.gz (from https://pypi.org/simple/pip/), version: 0.6
  Found link https://files.pythonhosted.org/packages/91/cd/105f4d3c75d0ae18e12623acc96f42168aaba408dd6e43c4505aa21f8e37/pip-0.6.1.tar.gz (from https://pypi.org/simple/pip/), version: 0.6.1
  Found link https://files.pythonhosted.org/packages/1c/c7/c0e1a9413c37828faf290f29a85a4d6034c145cc04bf1622ba8beb662ad8/pip-0.6.2.tar.gz (from https://pypi.org/simple/pip/), version: 0.6.2
  Found link https://files.pythonhosted.org/packages/3f/af/c4b9d49fb0f286996b28dbc0955c3ad359794697eb98e0e69863908070b0/pip-0.6.3.tar.gz (from https://pypi.org/simple/pip/), version: 0.6.3
  Found link https://files.pythonhosted.org/packages/ec/7a/6fe91ff0079ad0437830957c459d52f3923e516f5b453218f2a93d09a427/pip-0.7.tar.gz (from https://pypi.org/simple/pip/), version: 0.7
  Found link https://files.pythonhosted.org/packages/a5/63/11303863c2f5e9d9a15d89fcf7513a4b60987007d418862e0fb65c09fff7/pip-0.7.1.tar.gz (from https://pypi.org/simple/pip/), version: 0.7.1
  Found link https://files.pythonhosted.org/packages/cd/a9/1debaa96bbc1005c1c8ad3b79fec58c198d35121546ea2e858ce0894268a/pip-0.7.2.tar.gz (from https://pypi.org/simple/pip/), version: 0.7.2
  Found link https://files.pythonhosted.org/packages/74/54/f785c327fb3d163560a879b36edae5c78ee07806be282c9d4807f6be7dd1/pip-0.8.tar.gz (from https://pypi.org/simple/pip/), version: 0.8
  Found link https://files.pythonhosted.org/packages/5c/79/5e8381cc3078bae92166f2ba96de8355e8c181926505ba8882f7b099a500/pip-0.8.1.tar.gz (from https://pypi.org/simple/pip/), version: 0.8.1
  Found link https://files.pythonhosted.org/packages/17/3e/0a98ab032991518741e7e712a719633e6ae160f51b3d3e855194530fd308/pip-0.8.2.tar.gz (from https://pypi.org/simple/pip/), version: 0.8.2
  Found link https://files.pythonhosted.org/packages/f7/9a/943fc6d879ed7220bac2e7e53096bfe78abec88d77f2f516400e0129679e/pip-0.8.3.tar.gz (from https://pypi.org/simple/pip/), version: 0.8.3
  Found link https://files.pythonhosted.org/packages/24/33/6eb675fb6db7b71d69d6928b33dea61b8bf5cfe1e5649be70ec84ce2fc09/pip-1.0.tar.gz (from https://pypi.org/simple/pip/), version: 1.0
  Found link https://files.pythonhosted.org/packages/10/d9/f584e6107ef98ad7eaaaa5d0f756bfee12561fa6a4712ffdb7209e0e1fd4/pip-1.0.1.tar.gz (from https://pypi.org/simple/pip/), version: 1.0.1
  Found link https://files.pythonhosted.org/packages/16/90/5e6f80364d8a656f60681dfb7330298edef292d43e1499bcb3a4c71ff0b9/pip-1.0.2.tar.gz (from https://pypi.org/simple/pip/), version: 1.0.2
  Found link https://files.pythonhosted.org/packages/25/57/0d42cf5307d79913a082c5c4397d46f3793bc35e1138a694136d6e31be99/pip-1.1.tar.gz (from https://pypi.org/simple/pip/), version: 1.1
  Found link https://files.pythonhosted.org/packages/ba/c3/4e1f892f41aaa217fe0d1f827fa05928783349c69f3cc06fdd68e112678a/pip-1.2.tar.gz (from https://pypi.org/simple/pip/), version: 1.2
  Found link https://files.pythonhosted.org/packages/c3/a2/a63244da32afd9ce9a8ca1bd86e71610039adea8b8314046ebe5047527a6/pip-1.2.1.tar.gz (from https://pypi.org/simple/pip/), version: 1.2.1
  Found link https://files.pythonhosted.org/packages/00/45/69d4f2602b80550bfb26cfd2f62c2f05b3b5c7352705d3766cd1e5b27648/pip-1.3.tar.gz (from https://pypi.org/simple/pip/), version: 1.3
  Found link https://files.pythonhosted.org/packages/5b/ce/f5b98104f1c10d868936c25f7c597f492d4371aa9ad5fb61a94954ee7208/pip-1.3.1.tar.gz (from https://pypi.org/simple/pip/), version: 1.3.1
  Found link https://files.pythonhosted.org/packages/5f/d0/3b3958f6a58783bae44158b2c4c7827ae89abaecdd4bed12cff402620b9a/pip-1.4.tar.gz (from https://pypi.org/simple/pip/), version: 1.4
  Found link https://files.pythonhosted.org/packages/3f/f8/da390e0df72fb61d176b25a4b95262e3dcc14bda0ad25ac64d56db38b667/pip-1.4.1.tar.gz (from https://pypi.org/simple/pip/), version: 1.4.1
  Found link https://files.pythonhosted.org/packages/4f/7d/e53bc80667378125a9e07d4929a61b0bd7128a1129dbe6f07bb3228652a3/pip-1.5.tar.gz (from https://pypi.org/simple/pip/), version: 1.5
  Found link https://files.pythonhosted.org/packages/44/5d/1dca53b5de6d287e7eb99bd174bb022eb6cb0d6ca6e19ca6b16655dde8c2/pip-1.5.1-py2.py3-none-any.whl (from https://pypi.org/simple/pip/), version: 1.5.1
  Found link https://files.pythonhosted.org/packages/21/3f/d86a600c9b2f41a75caacf768a24130f343def97652de2345da15ef7911f/pip-1.5.1.tar.gz (from https://pypi.org/simple/pip/), version: 1.5.1
  Found link https://files.pythonhosted.org/packages/3d/1f/227d77d5e9ed2df5162de4ba3616799a351eccb1ecd668ae824dd26153a1/pip-1.5.2-py2.py3-none-any.whl (from https://pypi.org/simple/pip/), version: 1.5.2
  Found link https://files.pythonhosted.org/packages/ed/94/391a003107f6ec997c314199d03bff1c105af758ee490e3255353574487b/pip-1.5.2.tar.gz (from https://pypi.org/simple/pip/), version: 1.5.2
  Found link https://files.pythonhosted.org/packages/df/e9/bdb53d44fad1465b43edaf6bc7dd3027ed5af81405cc97603fdff0721ebb/pip-1.5.3-py2.py3-none-any.whl (from https://pypi.org/simple/pip/), version: 1.5.3
  Found link https://files.pythonhosted.org/packages/55/de/671a48ad313c808623041fc475f7c8f7610401d9f573f06b40eeb84e74e3/pip-1.5.3.tar.gz (from https://pypi.org/simple/pip/), version: 1.5.3
  Found link https://files.pythonhosted.org/packages/a9/9a/9aa19fe00de4c025562e5fb3796ff8520165a7dd1a5662c6ec9816e1ae99/pip-1.5.4-py2.py3-none-any.whl (from https://pypi.org/simple/pip/), version: 1.5.4
  Found link https://files.pythonhosted.org/packages/78/d8/6e58a7130d457edadb753a0ea5708e411c100c7e94e72ad4802feeef735c/pip-1.5.4.tar.gz (from https://pypi.org/simple/pip/), version: 1.5.4
  Found link https://files.pythonhosted.org/packages/ce/c2/10d996b9c51b126a9f0bb9e14a9edcdd5c88888323c0685bb9b392b6c47c/pip-1.5.5-py2.py3-none-any.whl (from https://pypi.org/simple/pip/), version: 1.5.5
  Found link https://files.pythonhosted.org/packages/88/01/a442fde40bd9aaf837612536f16ab751fac628807fd718690795b8ade77d/pip-1.5.5.tar.gz (from https://pypi.org/simple/pip/), version: 1.5.5
  Found link https://files.pythonhosted.org/packages/3f/08/7347ca4021e7fe0f1ab8f93cbc7d2a7a7350012300ad0e0227d55625e2b8/pip-1.5.6-py2.py3-none-any.whl (from https://pypi.org/simple/pip/), version: 1.5.6
  Found link https://files.pythonhosted.org/packages/45/db/4fb9a456b4ec4d3b701456ef562b9d72d76b6358e0c1463d17db18c5b772/pip-1.5.6.tar.gz (from https://pypi.org/simple/pip/), version: 1.5.6
  Found link https://files.pythonhosted.org/packages/dc/7c/21191b5944b917b66e4e4e06d74f668d814b6e8a3ff7acd874479b6f6b3d/pip-6.0-py2.py3-none-any.whl (from https://pypi.org/simple/pip/), version: 6.0
  Found link https://files.pythonhosted.org/packages/38/fd/065c66a88398f240e344fdf496b9707f92d75f88eedc3d10ff847b28a657/pip-6.0.tar.gz (from https://pypi.org/simple/pip/), version: 6.0
  Found link https://files.pythonhosted.org/packages/e9/7a/cdbc1a12ed52410d557e48d4646f4543e9e991ff32d2374dc6db849aa617/pip-6.0.1-py2.py3-none-any.whl (from https://pypi.org/simple/pip/), version: 6.0.1
  Found link https://files.pythonhosted.org/packages/4d/c3/8675b90cd89b9b222062f4f6c7e9d48b0387f5b35cbf747a74403a883e56/pip-6.0.1.tar.gz (from https://pypi.org/simple/pip/), version: 6.0.1
  Found link https://files.pythonhosted.org/packages/71/3c/b5a521e5e99cfff091e282231591f21193fd80de079ec5fb8ed9c6614044/pip-6.0.2-py2.py3-none-any.whl (from https://pypi.org/simple/pip/), version: 6.0.2
  Found link https://files.pythonhosted.org/packages/4c/5a/f9e8e3de0153282c7cb54a9b991af225536ac914bac858ca664cf883bb3e/pip-6.0.2.tar.gz (from https://pypi.org/simple/pip/), version: 6.0.2
  Found link https://files.pythonhosted.org/packages/73/cb/3eebf42003791df29219a3dfa1874572aa16114b44c9b1b0ac66bf96e8c0/pip-6.0.3-py2.py3-none-any.whl (from https://pypi.org/simple/pip/), version: 6.0.3
  Found link https://files.pythonhosted.org/packages/ce/63/8d99ae60d11ae1a65f5d4fc39a529a598bd3b8e067132210cb0c4d9e9f74/pip-6.0.3.tar.gz (from https://pypi.org/simple/pip/), version: 6.0.3
  Found link https://files.pythonhosted.org/packages/c5/0e/c974206726542bc495fc7443dd97834a6d14c2f0cba183fcfcd01075225a/pip-6.0.4-py2.py3-none-any.whl (from https://pypi.org/simple/pip/), version: 6.0.4
  Found link https://files.pythonhosted.org/packages/02/a1/c90f19910ee153d7a0efca7216758121118d7e93084276541383fe9ca82e/pip-6.0.4.tar.gz (from https://pypi.org/simple/pip/), version: 6.0.4
  Found link https://files.pythonhosted.org/packages/e9/1b/c6a375a337fb576784cdea3700f6c3eaf1420f0a01458e6e034cc178a84a/pip-6.0.5-py2.py3-none-any.whl (from https://pypi.org/simple/pip/), version: 6.0.5
  Found link https://files.pythonhosted.org/packages/19/f2/58628768f618c8c9fea878e0fb97730c0b8a838d3ab3f325768bf12dac94/pip-6.0.5.tar.gz (from https://pypi.org/simple/pip/), version: 6.0.5
  Found link https://files.pythonhosted.org/packages/64/fc/4a49ccb18f55a0ceeb76e8d554bd4563217117492997825d194ed0017cc1/pip-6.0.6-py2.py3-none-any.whl (from https://pypi.org/simple/pip/), version: 6.0.6
  Found link https://files.pythonhosted.org/packages/f6/ce/d9e4e178b66c766c117f62ddf4fece019ef9d50127a8926d2f60300d615e/pip-6.0.6.tar.gz (from https://pypi.org/simple/pip/), version: 6.0.6
  Found link https://files.pythonhosted.org/packages/7a/8e/2bbd4fcf3ee06ee90ded5f39ec12f53165dfdb9ef25a981717ad38a16670/pip-6.0.7-py2.py3-none-any.whl (from https://pypi.org/simple/pip/), version: 6.0.7
  Found link https://files.pythonhosted.org/packages/52/85/b160ebdaa84378df6bb0176d4eed9f57edca662446174eead7a9e2e566d6/pip-6.0.7.tar.gz (from https://pypi.org/simple/pip/), version: 6.0.7
  Found link https://files.pythonhosted.org/packages/63/65/55b71647adec1ad595bf0e5d76d028506dfc002df30c256f022ff7a660a5/pip-6.0.8-py2.py3-none-any.whl (from https://pypi.org/simple/pip/), version: 6.0.8
  Found link https://files.pythonhosted.org/packages/ef/8a/e3a980bc0a7f791d72c1302f65763ed300f2e14c907ac033e01b44c79e5e/pip-6.0.8.tar.gz (from https://pypi.org/simple/pip/), version: 6.0.8
  Found link https://files.pythonhosted.org/packages/24/fb/8a56a46243514681e569bbafd8146fa383476c4b7c725c8598c452366f31/pip-6.1.0-py2.py3-none-any.whl (from https://pypi.org/simple/pip/), version: 6.1.0
  Found link https://files.pythonhosted.org/packages/6c/84/432eb60bbcb414b9cdfcb135d5f4925e253c74e7d6916ada79990d6cc1a0/pip-6.1.0.tar.gz (from https://pypi.org/simple/pip/), version: 6.1.0
  Found link https://files.pythonhosted.org/packages/67/f0/ba0fb41dbdbfc4aa3e0c16b40269aca6b9e3d59cacdb646218aa2e9b1d2c/pip-6.1.1-py2.py3-none-any.whl (from https://pypi.org/simple/pip/), version: 6.1.1
  Found link https://files.pythonhosted.org/packages/bf/85/871c126b50b8ee0b9819e8a63b614aedd264577e73478caedcd447e8f28c/pip-6.1.1.tar.gz (from https://pypi.org/simple/pip/), version: 6.1.1
  Found link https://files.pythonhosted.org/packages/5a/9b/56d3c18d0784d5f2bbd446ea2dc7ffa7476c35e3dc223741d20cfee3b185/pip-7.0.0-py2.py3-none-any.whl (from https://pypi.org/simple/pip/), version: 7.0.0
  Found link https://files.pythonhosted.org/packages/c6/16/6475b142927ca5d03e3b7968efa5b0edd103e4684ecfde181a25f6fa2505/pip-7.0.0.tar.gz (from https://pypi.org/simple/pip/), version: 7.0.0
  Found link https://files.pythonhosted.org/packages/5a/10/bb7a32c335bceba636aa673a4c977effa1e73a79f88856459486d8d670cf/pip-7.0.1-py2.py3-none-any.whl (from https://pypi.org/simple/pip/), version: 7.0.1
  Found link https://files.pythonhosted.org/packages/4a/83/9ae4362a80739657e0c8bb628ea3fa0214a9aba7c8590dacc301ea293f73/pip-7.0.1.tar.gz (from https://pypi.org/simple/pip/), version: 7.0.1
  Found link https://files.pythonhosted.org/packages/64/7f/7107800ae0919a80afbf1ecba21b90890431c3ee79d700adac3c79cb6497/pip-7.0.2-py2.py3-none-any.whl (from https://pypi.org/simple/pip/), version: 7.0.2
  Found link https://files.pythonhosted.org/packages/75/b1/66532c273bca0133e42c3b4540a1609289f16e3046f1830f18c60794d661/pip-7.0.2.tar.gz (from https://pypi.org/simple/pip/), version: 7.0.2
  Found link https://files.pythonhosted.org/packages/96/76/33a598ae42dd0554207d83c7acc60e3b166dbde723cbf282f1f73b7a127c/pip-7.0.3-py2.py3-none-any.whl (from https://pypi.org/simple/pip/), version: 7.0.3
  Found link https://files.pythonhosted.org/packages/35/59/5b23115758ba0f2fc465c459611865173ef006202ba83f662d1f58ed2fb8/pip-7.0.3.tar.gz (from https://pypi.org/simple/pip/), version: 7.0.3
  Found link https://files.pythonhosted.org/packages/f7/c0/9f8dac88326609b4b12b304e8382f64f7d5af7735a00d2fac36cf135fc30/pip-7.1.0-py2.py3-none-any.whl (from https://pypi.org/simple/pip/), version: 7.1.0
  Found link https://files.pythonhosted.org/packages/7e/71/3c6ece07a9a885650aa6607b0ebfdf6fc9a3ef8691c44b5e724e4eee7bf2/pip-7.1.0.tar.gz (from https://pypi.org/simple/pip/), version: 7.1.0
  Found link https://files.pythonhosted.org/packages/1c/56/094d563c508917081bccff365e4f621ba33073c1c13aca9267a43cfcaf13/pip-7.1.1-py2.py3-none-any.whl (from https://pypi.org/simple/pip/), version: 7.1.1
  Found link https://files.pythonhosted.org/packages/3b/bb/b3f2a95494fd3f01d3b3ae530e7c0e910dc25e88e30787b0a5e10cbc0640/pip-7.1.1.tar.gz (from https://pypi.org/simple/pip/), version: 7.1.1
  Found link https://files.pythonhosted.org/packages/b2/d0/cd115fe345dd6f07ec1c780020a7dfe74966fceeb171e0f20d1d4905b0b7/pip-7.1.2-py2.py3-none-any.whl (from https://pypi.org/simple/pip/), version: 7.1.2
  Found link https://files.pythonhosted.org/packages/d0/92/1e8406c15d9372084a5bf79d96da3a0acc4e7fcf0b80020a4820897d2a5c/pip-7.1.2.tar.gz (from https://pypi.org/simple/pip/), version: 7.1.2
  Found link https://files.pythonhosted.org/packages/00/ae/bddef02881ee09c6a01a0d6541aa6c75a226a4e68b041be93142befa0cd6/pip-8.0.0-py2.py3-none-any.whl (from https://pypi.org/simple/pip/), version: 8.0.0
  Found link https://files.pythonhosted.org/packages/e3/2d/03c014d11e66628abf2fda5ca00f779cbe7b5292c5cd13d42a95b94aa9b8/pip-8.0.0.tar.gz (from https://pypi.org/simple/pip/), version: 8.0.0
  Found link https://files.pythonhosted.org/packages/45/9c/6f9a24917c860873e2ce7bd95b8f79897524353df51d5d920cd6b6c1ec33/pip-8.0.1-py2.py3-none-any.whl (from https://pypi.org/simple/pip/), version: 8.0.1
  Found link https://files.pythonhosted.org/packages/ea/66/a3d6187bd307159fedf8575c0d9ee2294d13b1cdd11673ca812e6a2dda8f/pip-8.0.1.tar.gz (from https://pypi.org/simple/pip/), version: 8.0.1
  Found link https://files.pythonhosted.org/packages/e7/a0/bd35f5f978a5e925953ce02fa0f078a232f0f10fcbe543d8cfc043f74fda/pip-8.0.2-py2.py3-none-any.whl (from https://pypi.org/simple/pip/), version: 8.0.2
  Found link https://files.pythonhosted.org/packages/ce/15/ee1f9a84365423e9ef03d0f9ed0eba2fb00ac1fffdd33e7b52aea914d0f8/pip-8.0.2.tar.gz (from https://pypi.org/simple/pip/), version: 8.0.2
  Found link https://files.pythonhosted.org/packages/ae/d4/2b127310f5364610b74c28e2e6a40bc19e2d3c9a9a4e012d3e333e767c99/pip-8.0.3-py2.py3-none-any.whl (from https://pypi.org/simple/pip/), version: 8.0.3
  Found link https://files.pythonhosted.org/packages/22/f3/14bc87a4f6b5ec70b682765978a6f3105bf05b6781fa97e04d30138bd264/pip-8.0.3.tar.gz (from https://pypi.org/simple/pip/), version: 8.0.3
  Found link https://files.pythonhosted.org/packages/1e/c7/78440b3fb882ed001e6e12d8770bd45e73d6eced4e57f7c072b829ce8a3d/pip-8.1.0-py2.py3-none-any.whl (from https://pypi.org/simple/pip/), version: 8.1.0
  Found link https://files.pythonhosted.org/packages/3c/72/6981d5adf880adecb066a1a1a4c312a17f8d787a3b85446967964ac66d55/pip-8.1.0.tar.gz (from https://pypi.org/simple/pip/), version: 8.1.0
  Found link https://files.pythonhosted.org/packages/31/6a/0f19a7edef6c8e5065f4346137cc2a08e22e141942d66af2e1e72d851462/pip-8.1.1-py2.py3-none-any.whl (from https://pypi.org/simple/pip/), version: 8.1.1
  Found link https://files.pythonhosted.org/packages/41/27/9a8d24e1b55bd8c85e4d022da2922cb206f183e2d18fee4e320c9547e751/pip-8.1.1.tar.gz (from https://pypi.org/simple/pip/), version: 8.1.1
  Found link https://files.pythonhosted.org/packages/9c/32/004ce0852e0a127f07f358b715015763273799bd798956fa930814b60f39/pip-8.1.2-py2.py3-none-any.whl (from https://pypi.org/simple/pip/), version: 8.1.2
  Found link https://files.pythonhosted.org/packages/e7/a8/7556133689add8d1a54c0b14aeff0acb03c64707ce100ecd53934da1aa13/pip-8.1.2.tar.gz (from https://pypi.org/simple/pip/), version: 8.1.2
  Found link https://files.pythonhosted.org/packages/3f/ef/935d9296acc4f48d1791ee56a73781271dce9712b059b475d3f5fa78487b/pip-9.0.0-py2.py3-none-any.whl (from https://pypi.org/simple/pip/) (requires-python:>=2.6,!=3.0.*,!=3.1.*,!=3.2.*), version: 9.0.0
  Found link https://files.pythonhosted.org/packages/5e/53/eaef47e5e2f75677c9de0737acc84b659b78a71c4086f424f55346a341b5/pip-9.0.0.tar.gz (from https://pypi.org/simple/pip/) (requires-python:>=2.6,!=3.0.*,!=3.1.*,!=3.2.*), version: 9.0.0
  Found link https://files.pythonhosted.org/packages/b6/ac/7015eb97dc749283ffdec1c3a88ddb8ae03b8fad0f0e611408f196358da3/pip-9.0.1-py2.py3-none-any.whl (from https://pypi.org/simple/pip/) (requires-python:>=2.6,!=3.0.*,!=3.1.*,!=3.2.*), version: 9.0.1
  Found link https://files.pythonhosted.org/packages/11/b6/abcb525026a4be042b486df43905d6893fb04f05aac21c32c638e939e447/pip-9.0.1.tar.gz (from https://pypi.org/simple/pip/) (requires-python:>=2.6,!=3.0.*,!=3.1.*,!=3.2.*), version: 9.0.1
  Found link https://files.pythonhosted.org/packages/e7/f9/e801dcea22886cd513f6bd2e8f7e581bd6f67bb8e8f1cd8e7b92d8539280/pip-9.0.2-py2.py3-none-any.whl (from https://pypi.org/simple/pip/) (requires-python:>=2.6,!=3.0.*,!=3.1.*,!=3.2.*), version: 9.0.2
  Found link https://files.pythonhosted.org/packages/e5/8f/3fc66461992dc9e9fcf5e005687d5f676729172dda640df2fd8b597a6da7/pip-9.0.2.tar.gz (from https://pypi.org/simple/pip/) (requires-python:>=2.6,!=3.0.*,!=3.1.*,!=3.2.*), version: 9.0.2
  Found link https://files.pythonhosted.org/packages/ac/95/a05b56bb975efa78d3557efa36acaf9cf5d2fd0ee0062060493687432e03/pip-9.0.3-py2.py3-none-any.whl (from https://pypi.org/simple/pip/) (requires-python:>=2.6,!=3.0.*,!=3.1.*,!=3.2.*), version: 9.0.3
  Found link https://files.pythonhosted.org/packages/c4/44/e6b8056b6c8f2bfd1445cc9990f478930d8e3459e9dbf5b8e2d2922d64d3/pip-9.0.3.tar.gz (from https://pypi.org/simple/pip/) (requires-python:>=2.6,!=3.0.*,!=3.1.*,!=3.2.*), version: 9.0.3
  Found link https://files.pythonhosted.org/packages/4b/5a/8544ae02a5bd28464e03af045e8aabde20a7b02db1911a9159328e1eb25a/pip-10.0.0b1-py2.py3-none-any.whl (from https://pypi.org/simple/pip/) (requires-python:>=2.7,!=3.0.*,!=3.1.*,!=3.2.*), version: 10.0.0b1
  Found link https://files.pythonhosted.org/packages/aa/6d/ffbb86abf18b750fb26f27eda7c7732df2aacaa669c420d2eb2ad6df3458/pip-10.0.0b1.tar.gz (from https://pypi.org/simple/pip/) (requires-python:>=2.7,!=3.0.*,!=3.1.*,!=3.2.*), version: 10.0.0b1
  Found link https://files.pythonhosted.org/packages/97/72/1d514201e7d7fc7fff5aac3de9c7b892cd72fb4bf23fd983630df96f7412/pip-10.0.0b2-py2.py3-none-any.whl (from https://pypi.org/simple/pip/) (requires-python:>=2.7,!=3.0.*,!=3.1.*,!=3.2.*), version: 10.0.0b2
  Found link https://files.pythonhosted.org/packages/32/67/572f642e6e42c580d3154964cfbab7d9322c23b0f417c6c01fdd206a2777/pip-10.0.0b2.tar.gz (from https://pypi.org/simple/pip/) (requires-python:>=2.7,!=3.0.*,!=3.1.*,!=3.2.*), version: 10.0.0b2
  Found link https://files.pythonhosted.org/packages/62/a1/0d452b6901b0157a0134fd27ba89bf95a857fbda64ba52e1ca2cf61d8412/pip-10.0.0-py2.py3-none-any.whl (from https://pypi.org/simple/pip/) (requires-python:>=2.7,!=3.0.*,!=3.1.*,!=3.2.*), version: 10.0.0
  Found link https://files.pythonhosted.org/packages/e0/69/983a8e47d3dfb51e1463c1e962b2ccd1d74ec4e236e232625e353d830ed2/pip-10.0.0.tar.gz (from https://pypi.org/simple/pip/) (requires-python:>=2.7,!=3.0.*,!=3.1.*,!=3.2.*), version: 10.0.0
  Found link https://files.pythonhosted.org/packages/0f/74/ecd13431bcc456ed390b44c8a6e917c1820365cbebcb6a8974d1cd045ab4/pip-10.0.1-py2.py3-none-any.whl (from https://pypi.org/simple/pip/) (requires-python:>=2.7,!=3.0.*,!=3.1.*,!=3.2.*), version: 10.0.1
  Found link https://files.pythonhosted.org/packages/ae/e8/2340d46ecadb1692a1e455f13f75e596d4eab3d11a57446f08259dee8f02/pip-10.0.1.tar.gz (from https://pypi.org/simple/pip/) (requires-python:>=2.7,!=3.0.*,!=3.1.*,!=3.2.*), version: 10.0.1
  Found link https://files.pythonhosted.org/packages/5f/25/e52d3f31441505a5f3af41213346e5b6c221c9e086a166f3703d2ddaf940/pip-18.0-py2.py3-none-any.whl (from https://pypi.org/simple/pip/) (requires-python:>=2.7,!=3.0.*,!=3.1.*,!=3.2.*,!=3.3.*), version: 18.0
  Found link https://files.pythonhosted.org/packages/69/81/52b68d0a4de760a2f1979b0931ba7889202f302072cc7a0d614211bc7579/pip-18.0.tar.gz (from https://pypi.org/simple/pip/) (requires-python:>=2.7,!=3.0.*,!=3.1.*,!=3.2.*,!=3.3.*), version: 18.0
  Found link https://files.pythonhosted.org/packages/c2/d7/90f34cb0d83a6c5631cf71dfe64cc1054598c843a92b400e55675cc2ac37/pip-18.1-py2.py3-none-any.whl (from https://pypi.org/simple/pip/) (requires-python:>=2.7,!=3.0.*,!=3.1.*,!=3.2.*,!=3.3.*), version: 18.1
  Found link https://files.pythonhosted.org/packages/45/ae/8a0ad77defb7cc903f09e551d88b443304a9bd6e6f124e75c0fbbf6de8f7/pip-18.1.tar.gz (from https://pypi.org/simple/pip/) (requires-python:>=2.7,!=3.0.*,!=3.1.*,!=3.2.*,!=3.3.*), version: 18.1
  Found link https://files.pythonhosted.org/packages/60/64/73b729587b6b0d13e690a7c3acd2231ee561e8dd28a58ae1b0409a5a2b20/pip-19.0-py2.py3-none-any.whl (from https://pypi.org/simple/pip/) (requires-python:>=2.7,!=3.0.*,!=3.1.*,!=3.2.*,!=3.3.*), version: 19.0
  Found link https://files.pythonhosted.org/packages/11/31/c483614095176ddfa06ac99c2af4171375053b270842c7865ca0b4438dc1/pip-19.0.tar.gz (from https://pypi.org/simple/pip/) (requires-python:>=2.7,!=3.0.*,!=3.1.*,!=3.2.*,!=3.3.*), version: 19.0
  Found link https://files.pythonhosted.org/packages/46/dc/7fd5df840efb3e56c8b4f768793a237ec4ee59891959d6a215d63f727023/pip-19.0.1-py2.py3-none-any.whl (from https://pypi.org/simple/pip/) (requires-python:>=2.7,!=3.0.*,!=3.1.*,!=3.2.*,!=3.3.*), version: 19.0.1
  Found link https://files.pythonhosted.org/packages/c8/89/ad7f27938e59db1f0f55ce214087460f65048626e2226531ba6cb6da15f0/pip-19.0.1.tar.gz (from https://pypi.org/simple/pip/) (requires-python:>=2.7,!=3.0.*,!=3.1.*,!=3.2.*,!=3.3.*), version: 19.0.1
  Found link https://files.pythonhosted.org/packages/d7/41/34dd96bd33958e52cb4da2f1bf0818e396514fd4f4725a79199564cd0c20/pip-19.0.2-py2.py3-none-any.whl (from https://pypi.org/simple/pip/) (requires-python:>=2.7,!=3.0.*,!=3.1.*,!=3.2.*,!=3.3.*), version: 19.0.2
  Found link https://files.pythonhosted.org/packages/4c/4d/88bc9413da11702cbbace3ccc51350ae099bb351febae8acc85fec34f9af/pip-19.0.2.tar.gz (from https://pypi.org/simple/pip/) (requires-python:>=2.7,!=3.0.*,!=3.1.*,!=3.2.*,!=3.3.*), version: 19.0.2
  Found link https://files.pythonhosted.org/packages/d8/f3/413bab4ff08e1fc4828dfc59996d721917df8e8583ea85385d51125dceff/pip-19.0.3-py2.py3-none-any.whl (from https://pypi.org/simple/pip/) (requires-python:>=2.7,!=3.0.*,!=3.1.*,!=3.2.*,!=3.3.*), version: 19.0.3
  Found link https://files.pythonhosted.org/packages/36/fa/51ca4d57392e2f69397cd6e5af23da2a8d37884a605f9e3f2d3bfdc48397/pip-19.0.3.tar.gz (from https://pypi.org/simple/pip/) (requires-python:>=2.7,!=3.0.*,!=3.1.*,!=3.2.*,!=3.3.*), version: 19.0.3
  Found link https://files.pythonhosted.org/packages/f9/fb/863012b13912709c13cf5cfdbfb304fa6c727659d6290438e1a88df9d848/pip-19.1-py2.py3-none-any.whl (from https://pypi.org/simple/pip/) (requires-python:>=2.7,!=3.0.*,!=3.1.*,!=3.2.*,!=3.3.*), version: 19.1
  Found link https://files.pythonhosted.org/packages/51/5f/802a04274843f634469ef299fcd273de4438386deb7b8681dd059f0ee3b7/pip-19.1.tar.gz (from https://pypi.org/simple/pip/) (requires-python:>=2.7,!=3.0.*,!=3.1.*,!=3.2.*,!=3.3.*), version: 19.1
  Found link https://files.pythonhosted.org/packages/5c/e0/be401c003291b56efc55aeba6a80ab790d3d4cece2778288d65323009420/pip-19.1.1-py2.py3-none-any.whl (from https://pypi.org/simple/pip/) (requires-python:>=2.7,!=3.0.*,!=3.1.*,!=3.2.*,!=3.3.*), version: 19.1.1
  Found link https://files.pythonhosted.org/packages/93/ab/f86b61bef7ab14909bd7ec3cd2178feb0a1c86d451bc9bccd5a1aedcde5f/pip-19.1.1.tar.gz (from https://pypi.org/simple/pip/) (requires-python:>=2.7,!=3.0.*,!=3.1.*,!=3.2.*,!=3.3.*), version: 19.1.1
  Found link https://files.pythonhosted.org/packages/3a/6f/35de4f49ae5c7fdb2b64097ab195020fb48faa8ad3a85386ece6953c11b1/pip-19.2-py2.py3-none-any.whl (from https://pypi.org/simple/pip/) (requires-python:>=2.7,!=3.0.*,!=3.1.*,!=3.2.*,!=3.3.*,!=3.4.*), version: 19.2
  Found link https://files.pythonhosted.org/packages/41/13/b6e68eae78405af6e4e9a93319ae5bb371057786f1590b157341f7542d7d/pip-19.2.tar.gz (from https://pypi.org/simple/pip/) (requires-python:>=2.7,!=3.0.*,!=3.1.*,!=3.2.*,!=3.3.*,!=3.4.*), version: 19.2
  Found link https://files.pythonhosted.org/packages/62/ca/94d32a6516ed197a491d17d46595ce58a83cbb2fca280414e57cd86b84dc/pip-19.2.1-py2.py3-none-any.whl (from https://pypi.org/simple/pip/) (requires-python:>=2.7,!=3.0.*,!=3.1.*,!=3.2.*,!=3.3.*,!=3.4.*), version: 19.2.1
  Found link https://files.pythonhosted.org/packages/8b/8a/1b2aadd922db1afe6bc107b03de41d6d37a28a5923383e60695fba24ae81/pip-19.2.1.tar.gz (from https://pypi.org/simple/pip/) (requires-python:>=2.7,!=3.0.*,!=3.1.*,!=3.2.*,!=3.3.*,!=3.4.*), version: 19.2.1
  Found link https://files.pythonhosted.org/packages/8d/07/f7d7ced2f97ca3098c16565efbe6b15fafcba53e8d9bdb431e09140514b0/pip-19.2.2-py2.py3-none-any.whl (from https://pypi.org/simple/pip/) (requires-python:>=2.7,!=3.0.*,!=3.1.*,!=3.2.*,!=3.3.*,!=3.4.*), version: 19.2.2
  Found link https://files.pythonhosted.org/packages/aa/1a/62fb0b95b1572c76dbc3cc31124a8b6866cbe9139eb7659ac7349457cf7c/pip-19.2.2.tar.gz (from https://pypi.org/simple/pip/) (requires-python:>=2.7,!=3.0.*,!=3.1.*,!=3.2.*,!=3.3.*,!=3.4.*), version: 19.2.2
  Found link https://files.pythonhosted.org/packages/30/db/9e38760b32e3e7f40cce46dd5fb107b8c73840df38f0046d8e6514e675a1/pip-19.2.3-py2.py3-none-any.whl (from https://pypi.org/simple/pip/) (requires-python:>=2.7,!=3.0.*,!=3.1.*,!=3.2.*,!=3.3.*,!=3.4.*), version: 19.2.3
  Found link https://files.pythonhosted.org/packages/00/9e/4c83a0950d8bdec0b4ca72afd2f9cea92d08eb7c1a768363f2ea458d08b4/pip-19.2.3.tar.gz (from https://pypi.org/simple/pip/) (requires-python:>=2.7,!=3.0.*,!=3.1.*,!=3.2.*,!=3.3.*,!=3.4.*), version: 19.2.3
  Found link https://files.pythonhosted.org/packages/4a/08/6ca123073af4ebc4c5488a5bc8a010ac57aa39ce4d3c8a931ad504de4185/pip-19.3-py2.py3-none-any.whl (from https://pypi.org/simple/pip/) (requires-python:>=2.7,!=3.0.*,!=3.1.*,!=3.2.*,!=3.3.*,!=3.4.*), version: 19.3
  Found link https://files.pythonhosted.org/packages/af/7a/5dd1e6efc894613c432ce86f1011fcc3bbd8ac07dfeae6393b7b97f1de8b/pip-19.3.tar.gz (from https://pypi.org/simple/pip/) (requires-python:>=2.7,!=3.0.*,!=3.1.*,!=3.2.*,!=3.3.*,!=3.4.*), version: 19.3
  Found link https://files.pythonhosted.org/packages/00/b6/9cfa56b4081ad13874b0c6f96af8ce16cfbc1cb06bedf8e9164ce5551ec1/pip-19.3.1-py2.py3-none-any.whl (from https://pypi.org/simple/pip/) (requires-python:>=2.7,!=3.0.*,!=3.1.*,!=3.2.*,!=3.3.*,!=3.4.*), version: 19.3.1
  Found link https://files.pythonhosted.org/packages/ce/ea/9b445176a65ae4ba22dce1d93e4b5fe182f953df71a145f557cffaffc1bf/pip-19.3.1.tar.gz (from https://pypi.org/simple/pip/) (requires-python:>=2.7,!=3.0.*,!=3.1.*,!=3.2.*,!=3.3.*,!=3.4.*), version: 19.3.1
  Skipping link: yanked for reason: <none given>: https://files.pythonhosted.org/packages/60/65/16487a7c4e0f95bb3fc89c2e377be331fd496b7a9b08fd3077de7f3ae2cf/pip-20.0-py2.py3-none-any.whl (from https://pypi.org/simple/pip/) (requires-python:>=2.7,!=3.0.*,!=3.1.*,!=3.2.*,!=3.3.*,!=3.4.*)
  Skipping link: yanked for reason: <none given>: https://files.pythonhosted.org/packages/8c/5c/c18d58ab5c1a702bf670e0bd6a77cd4645e4aeca021c6118ef850895cc96/pip-20.0.tar.gz (from https://pypi.org/simple/pip/) (requires-python:>=2.7,!=3.0.*,!=3.1.*,!=3.2.*,!=3.3.*,!=3.4.*)
  Found link https://files.pythonhosted.org/packages/57/36/67f809c135c17ec9b8276466cc57f35b98c240f55c780689ea29fa32f512/pip-20.0.1-py2.py3-none-any.whl (from https://pypi.org/simple/pip/) (requires-python:>=2.7,!=3.0.*,!=3.1.*,!=3.2.*,!=3.3.*,!=3.4.*), version: 20.0.1
  Found link https://files.pythonhosted.org/packages/28/af/2c76c8aa46ccdf7578b83d97a11a2d1858794d4be4a1610ade0d30182e8b/pip-20.0.1.tar.gz (from https://pypi.org/simple/pip/) (requires-python:>=2.7,!=3.0.*,!=3.1.*,!=3.2.*,!=3.3.*,!=3.4.*), version: 20.0.1
  Found link https://files.pythonhosted.org/packages/54/0c/d01aa759fdc501a58f431eb594a17495f15b88da142ce14b5845662c13f3/pip-20.0.2-py2.py3-none-any.whl (from https://pypi.org/simple/pip/) (requires-python:>=2.7,!=3.0.*,!=3.1.*,!=3.2.*,!=3.3.*,!=3.4.*), version: 20.0.2
  Found link https://files.pythonhosted.org/packages/8e/76/66066b7bc71817238924c7e4b448abdb17eb0c92d645769c223f9ace478f/pip-20.0.2.tar.gz (from https://pypi.org/simple/pip/) (requires-python:>=2.7,!=3.0.*,!=3.1.*,!=3.2.*,!=3.3.*,!=3.4.*), version: 20.0.2
  Found link https://files.pythonhosted.org/packages/ec/05/82d3fababbf462d876883ebc36f030f4fa057a563a80f5a26ee63679d9ea/pip-20.1b1-py2.py3-none-any.whl (from https://pypi.org/simple/pip/) (requires-python:>=2.7,!=3.0.*,!=3.1.*,!=3.2.*,!=3.3.*,!=3.4.*), version: 20.1b1
  Found link https://files.pythonhosted.org/packages/cd/81/c1184456fe506bd50992571c9f8581907976ce71502e36741f033e2da1f1/pip-20.1b1.tar.gz (from https://pypi.org/simple/pip/) (requires-python:>=2.7,!=3.0.*,!=3.1.*,!=3.2.*,!=3.3.*,!=3.4.*), version: 20.1b1
  Found link https://files.pythonhosted.org/packages/54/2e/df11ea7e23e7e761d484ed3740285a34e38548cf2bad2bed3dd5768ec8b9/pip-20.1-py2.py3-none-any.whl (from https://pypi.org/simple/pip/) (requires-python:>=2.7,!=3.0.*,!=3.1.*,!=3.2.*,!=3.3.*,!=3.4.*), version: 20.1
  Found link https://files.pythonhosted.org/packages/d1/05/059c78cd5d740d2299266ffa15514dad6692d4694df571bf168e2cdd98fb/pip-20.1.tar.gz (from https://pypi.org/simple/pip/) (requires-python:>=2.7,!=3.0.*,!=3.1.*,!=3.2.*,!=3.3.*,!=3.4.*), version: 20.1
  Found link https://files.pythonhosted.org/packages/43/84/23ed6a1796480a6f1a2d38f2802901d078266bda38388954d01d3f2e821d/pip-20.1.1-py2.py3-none-any.whl (from https://pypi.org/simple/pip/) (requires-python:>=2.7,!=3.0.*,!=3.1.*,!=3.2.*,!=3.3.*,!=3.4.*), version: 20.1.1
  Found link https://files.pythonhosted.org/packages/08/25/f204a6138dade2f6757b4ae99bc3994aac28a5602c97ddb2a35e0e22fbc4/pip-20.1.1.tar.gz (from https://pypi.org/simple/pip/) (requires-python:>=2.7,!=3.0.*,!=3.1.*,!=3.2.*,!=3.3.*,!=3.4.*), version: 20.1.1
  Found link https://files.pythonhosted.org/packages/fe/3b/0fc5e63eb277d5a50a95ce5c896f742ef243be27382303a4a44dd0197e29/pip-20.2b1-py2.py3-none-any.whl (from https://pypi.org/simple/pip/) (requires-python:>=2.7,!=3.0.*,!=3.1.*,!=3.2.*,!=3.3.*,!=3.4.*), version: 20.2b1
  Found link https://files.pythonhosted.org/packages/77/3e/6a1fd8e08a06e3e0f54182c7c937bba3f4e9cf1b26f54946d3915021ea2e/pip-20.2b1.tar.gz (from https://pypi.org/simple/pip/) (requires-python:>=2.7,!=3.0.*,!=3.1.*,!=3.2.*,!=3.3.*,!=3.4.*), version: 20.2b1
  Found link https://files.pythonhosted.org/packages/36/74/38c2410d688ac7b48afa07d413674afc1f903c1c1f854de51dc8eb2367a5/pip-20.2-py2.py3-none-any.whl (from https://pypi.org/simple/pip/) (requires-python:>=2.7,!=3.0.*,!=3.1.*,!=3.2.*,!=3.3.*,!=3.4.*), version: 20.2
  Found link https://files.pythonhosted.org/packages/b9/27/a9007a575c8a8e80c22144fec5df3943fd304dfa791bed44a0130e984803/pip-20.2.tar.gz (from https://pypi.org/simple/pip/) (requires-python:>=2.7,!=3.0.*,!=3.1.*,!=3.2.*,!=3.3.*,!=3.4.*), version: 20.2
  Found link https://files.pythonhosted.org/packages/bd/b1/56a834acdbe23b486dea16aaf4c27ed28eb292695b90d01dff96c96597de/pip-20.2.1-py2.py3-none-any.whl (from https://pypi.org/simple/pip/) (requires-python:>=2.7,!=3.0.*,!=3.1.*,!=3.2.*,!=3.3.*,!=3.4.*), version: 20.2.1
  Found link https://files.pythonhosted.org/packages/68/1a/8cfcf3a8cba0dd0f125927c986b1502f2eed284c63fdfd6797ea74300ae4/pip-20.2.1.tar.gz (from https://pypi.org/simple/pip/) (requires-python:>=2.7,!=3.0.*,!=3.1.*,!=3.2.*,!=3.3.*,!=3.4.*), version: 20.2.1
  Found link https://files.pythonhosted.org/packages/5a/4a/39400ff9b36e719bdf8f31c99fe1fa7842a42fa77432e584f707a5080063/pip-20.2.2-py2.py3-none-any.whl (from https://pypi.org/simple/pip/) (requires-python:>=2.7,!=3.0.*,!=3.1.*,!=3.2.*,!=3.3.*,!=3.4.*), version: 20.2.2
  Found link https://files.pythonhosted.org/packages/73/8e/7774190ac616c69194688ffce7c1b2a097749792fea42e390e7ddfdef8bc/pip-20.2.2.tar.gz (from https://pypi.org/simple/pip/) (requires-python:>=2.7,!=3.0.*,!=3.1.*,!=3.2.*,!=3.3.*,!=3.4.*), version: 20.2.2
  Found link https://files.pythonhosted.org/packages/4e/5f/528232275f6509b1fff703c9280e58951a81abe24640905de621c9f81839/pip-20.2.3-py2.py3-none-any.whl (from https://pypi.org/simple/pip/) (requires-python:>=2.7,!=3.0.*,!=3.1.*,!=3.2.*,!=3.3.*,!=3.4.*), version: 20.2.3
  Found link https://files.pythonhosted.org/packages/59/64/4718738ffbc22d98b5223dbd6c5bb87c476d83a4c71719402935170064c7/pip-20.2.3.tar.gz (from https://pypi.org/simple/pip/) (requires-python:>=2.7,!=3.0.*,!=3.1.*,!=3.2.*,!=3.3.*,!=3.4.*), version: 20.2.3
  Found link https://files.pythonhosted.org/packages/cb/28/91f26bd088ce8e22169032100d4260614fc3da435025ff389ef1d396a433/pip-20.2.4-py2.py3-none-any.whl (from https://pypi.org/simple/pip/) (requires-python:>=2.7,!=3.0.*,!=3.1.*,!=3.2.*,!=3.3.*,!=3.4.*), version: 20.2.4
  Found link https://files.pythonhosted.org/packages/0b/f5/be8e741434a4bf4ce5dbc235aa28ed0666178ea8986ddc10d035023744e6/pip-20.2.4.tar.gz (from https://pypi.org/simple/pip/) (requires-python:>=2.7,!=3.0.*,!=3.1.*,!=3.2.*,!=3.3.*,!=3.4.*), version: 20.2.4
  Found link https://files.pythonhosted.org/packages/fb/46/26d13ba147ba430f9cda0d0cf599a041d142a5c8b1a90ff845ebce7fba0f/pip-20.3b1-py2.py3-none-any.whl (from https://pypi.org/simple/pip/) (requires-python:>=2.7,!=3.0.*,!=3.1.*,!=3.2.*,!=3.3.*,!=3.4.*), version: 20.3b1
  Found link https://files.pythonhosted.org/packages/7f/61/2da3c027ad7bd4bc87a3ee7e7160c93e7500dac3536e02ff93008e9b3460/pip-20.3b1.tar.gz (from https://pypi.org/simple/pip/) (requires-python:>=2.7,!=3.0.*,!=3.1.*,!=3.2.*,!=3.3.*,!=3.4.*), version: 20.3b1
  Found link https://files.pythonhosted.org/packages/55/73/bce122d1ed0217b3c1a3439ab16dfa94bbeabd0d31755fcf907493abf39b/pip-20.3-py2.py3-none-any.whl (from https://pypi.org/simple/pip/) (requires-python:>=2.7,!=3.0.*,!=3.1.*,!=3.2.*,!=3.3.*,!=3.4.*), version: 20.3
  Found link https://files.pythonhosted.org/packages/03/41/6da553f689d530bc2c337d2c496a40dc9c0fdc6481e5df1f3ee3b8574479/pip-20.3.tar.gz (from https://pypi.org/simple/pip/) (requires-python:>=2.7,!=3.0.*,!=3.1.*,!=3.2.*,!=3.3.*,!=3.4.*), version: 20.3
  Found link https://files.pythonhosted.org/packages/ab/11/2dc62c5263d9eb322f2f028f7b56cd9d096bb8988fcf82d65fa2e4057afe/pip-20.3.1-py2.py3-none-any.whl (from https://pypi.org/simple/pip/) (requires-python:>=2.7,!=3.0.*,!=3.1.*,!=3.2.*,!=3.3.*,!=3.4.*), version: 20.3.1
  Found link https://files.pythonhosted.org/packages/cb/5f/ae1eb8bda1cde4952bd12e468ab8a254c345a0189402bf1421457577f4f3/pip-20.3.1.tar.gz (from https://pypi.org/simple/pip/) (requires-python:>=2.7,!=3.0.*,!=3.1.*,!=3.2.*,!=3.3.*,!=3.4.*), version: 20.3.1
  Skipping link: yanked for reason: <none given>: https://files.pythonhosted.org/packages/3d/0c/01014c0442830eb38d6baef0932fdcb389279ce74295350ecb9fe09e048a/pip-20.3.2-py2.py3-none-any.whl (from https://pypi.org/simple/pip/) (requires-python:>=2.7,!=3.0.*,!=3.1.*,!=3.2.*,!=3.3.*,!=3.4.*)
  Skipping link: yanked for reason: <none given>: https://files.pythonhosted.org/packages/51/63/86e147c44335b03055e58a27c791d94fff4baaf08d67852f925ab9b90240/pip-20.3.2.tar.gz (from https://pypi.org/simple/pip/) (requires-python:>=2.7,!=3.0.*,!=3.1.*,!=3.2.*,!=3.3.*,!=3.4.*)
  Found link https://files.pythonhosted.org/packages/54/eb/4a3642e971f404d69d4f6fa3885559d67562801b99d7592487f1ecc4e017/pip-20.3.3-py2.py3-none-any.whl (from https://pypi.org/simple/pip/) (requires-python:>=2.7,!=3.0.*,!=3.1.*,!=3.2.*,!=3.3.*,!=3.4.*), version: 20.3.3
  Found link https://files.pythonhosted.org/packages/ca/1e/d91d7aae44d00cd5001957a1473e4e4b7d1d0f072d1af7c34b5899c9ccdf/pip-20.3.3.tar.gz (from https://pypi.org/simple/pip/) (requires-python:>=2.7,!=3.0.*,!=3.1.*,!=3.2.*,!=3.3.*,!=3.4.*), version: 20.3.3
  Found link https://files.pythonhosted.org/packages/27/79/8a850fe3496446ff0d584327ae44e7500daf6764ca1a382d2d02789accf7/pip-20.3.4-py2.py3-none-any.whl (from https://pypi.org/simple/pip/) (requires-python:>=2.7,!=3.0.*,!=3.1.*,!=3.2.*,!=3.3.*,!=3.4.*), version: 20.3.4
  Found link https://files.pythonhosted.org/packages/53/7f/55721ad0501a9076dbc354cc8c63ffc2d6f1ef360f49ad0fbcce19d68538/pip-20.3.4.tar.gz (from https://pypi.org/simple/pip/) (requires-python:>=2.7,!=3.0.*,!=3.1.*,!=3.2.*,!=3.3.*,!=3.4.*), version: 20.3.4
  Found link https://files.pythonhosted.org/packages/de/47/58b9f3e6f611dfd17fb8bd9ed3e6f93b7ee662fb85bdfee3565e8979ddf7/pip-21.0-py3-none-any.whl (from https://pypi.org/simple/pip/) (requires-python:>=3.6), version: 21.0
  Found link https://files.pythonhosted.org/packages/9e/24/bc928987f35dd0167f21b13a1777c21b9c5917c9894cff93f1c1a6cb8f3b/pip-21.0.tar.gz (from https://pypi.org/simple/pip/) (requires-python:>=3.6), version: 21.0
  Found link https://files.pythonhosted.org/packages/fe/ef/60d7ba03b5c442309ef42e7d69959f73aacccd0d86008362a681c4698e83/pip-21.0.1-py3-none-any.whl (from https://pypi.org/simple/pip/) (requires-python:>=3.6), version: 21.0.1
  Found link https://files.pythonhosted.org/packages/b7/2d/ad02de84a4c9fd3b1958dc9fb72764de1aa2605a9d7e943837be6ad82337/pip-21.0.1.tar.gz (from https://pypi.org/simple/pip/) (requires-python:>=3.6), version: 21.0.1
  Found link https://files.pythonhosted.org/packages/ac/cf/0cc542fc93de2f3b9b53cb979c7d1118cffb93204afb46299a9f858e113f/pip-21.1-py3-none-any.whl (from https://pypi.org/simple/pip/) (requires-python:>=3.6), version: 21.1
  Found link https://files.pythonhosted.org/packages/de/62/77b8b1a9f9c710988e5a58c22a7cd025b63b204df57a6ea939d6d39da421/pip-21.1.tar.gz (from https://pypi.org/simple/pip/) (requires-python:>=3.6), version: 21.1
  Found link https://files.pythonhosted.org/packages/cd/6f/43037c7bcc8bd8ba7c9074256b1a11596daa15555808ec748048c1507f08/pip-21.1.1-py3-none-any.whl (from https://pypi.org/simple/pip/) (requires-python:>=3.6), version: 21.1.1
  Found link https://files.pythonhosted.org/packages/94/b0/e10bdc8809c81796c80aa3644a8e3dc16594fb1bd68f5996929f26cad980/pip-21.1.1.tar.gz (from https://pypi.org/simple/pip/) (requires-python:>=3.6), version: 21.1.1
  Found link https://files.pythonhosted.org/packages/cd/82/04e9aaf603fdbaecb4323b9e723f13c92c245f6ab2902195c53987848c78/pip-21.1.2-py3-none-any.whl (from https://pypi.org/simple/pip/) (requires-python:>=3.6), version: 21.1.2
  Found link https://files.pythonhosted.org/packages/b1/44/6e26d5296b83c6aac166e48470d57a00d3ed1f642e89adc4a4e412a01643/pip-21.1.2.tar.gz (from https://pypi.org/simple/pip/) (requires-python:>=3.6), version: 21.1.2
  Found link https://files.pythonhosted.org/packages/47/ca/f0d790b6e18b3a6f3bd5e80c2ee4edbb5807286c21cdd0862ca933f751dd/pip-21.1.3-py3-none-any.whl (from https://pypi.org/simple/pip/) (requires-python:>=3.6), version: 21.1.3
  Found link https://files.pythonhosted.org/packages/4d/0c/3b63fe024414a8a48661cf04f0993d4b2b8ef92daed45636474c018cd5b7/pip-21.1.3.tar.gz (from https://pypi.org/simple/pip/) (requires-python:>=3.6), version: 21.1.3
  Skipping link: yanked for reason: See https://github.com/pypa/pip/issues/8711: https://files.pythonhosted.org/packages/03/0f/b125bfdd145c1d018d75ce87603e7e9ff2416e742c71b5ac7deba13ca699/pip-21.2-py3-none-any.whl (from https://pypi.org/simple/pip/) (requires-python:>=3.6)
  Skipping link: yanked for reason: See https://github.com/pypa/pip/issues/8711: https://files.pythonhosted.org/packages/9f/74/0e4d75529e8bf6e594d532a28308a5e369c3f7105e1fec2ff0bf86d478b0/pip-21.2.tar.gz (from https://pypi.org/simple/pip/) (requires-python:>=3.6)
  Found link https://files.pythonhosted.org/packages/7c/02/9ab8b431aca1b46fcc1ac830a5870a28a12ba1abfa681904b1d2da876a86/pip-21.2.1-py3-none-any.whl (from https://pypi.org/simple/pip/) (requires-python:>=3.6), version: 21.2.1
  Found link https://files.pythonhosted.org/packages/f7/ce/e359cf283c0c0f2e0af7df8f16c8d79047aa1887a00a5b39b27d8afc49e2/pip-21.2.1.tar.gz (from https://pypi.org/simple/pip/) (requires-python:>=3.6), version: 21.2.1
  Found link https://files.pythonhosted.org/packages/8a/d7/f505e91e2cdea53cfcf51f4ac478a8cd64fb0bc1042629cedde20d9a6a9b/pip-21.2.2-py3-none-any.whl (from https://pypi.org/simple/pip/) (requires-python:>=3.6), version: 21.2.2
  Found link https://files.pythonhosted.org/packages/83/37/3f344e392de7792748ee32e05d7dd6f867eb2166c21c8711280fb30e2128/pip-21.2.2.tar.gz (from https://pypi.org/simple/pip/) (requires-python:>=3.6), version: 21.2.2
  Found link https://files.pythonhosted.org/packages/ca/bf/4133a0e05eac641ec270bbcef30512b5ad307d7838adb994acd652cc30e3/pip-21.2.3-py3-none-any.whl (from https://pypi.org/simple/pip/) (requires-python:>=3.6), version: 21.2.3
  Found link https://files.pythonhosted.org/packages/e1/63/7c0e553ae0513ebf1858f08030158ff5998324013e0ba4c2e1c00b85df79/pip-21.2.3.tar.gz (from https://pypi.org/simple/pip/) (requires-python:>=3.6), version: 21.2.3
  Found link https://files.pythonhosted.org/packages/ca/31/b88ef447d595963c01060998cb329251648acf4a067721b0452c45527eb8/pip-21.2.4-py3-none-any.whl (from https://pypi.org/simple/pip/) (requires-python:>=3.6), version: 21.2.4
  Found link https://files.pythonhosted.org/packages/52/e1/06c018197d8151383f66ebf6979d951995cf495629fc54149491f5d157d0/pip-21.2.4.tar.gz (from https://pypi.org/simple/pip/) (requires-python:>=3.6), version: 21.2.4
  Found link https://files.pythonhosted.org/packages/90/a9/1ea3a69a51dcc679724e3512fc2aa1668999eed59976f749134eb02229c8/pip-21.3-py3-none-any.whl (from https://pypi.org/simple/pip/) (requires-python:>=3.6), version: 21.3
  Found link https://files.pythonhosted.org/packages/00/5f/d6959d6f25f202e3e68e3a53b815af42d770c829c19382d0acbf2c3e2112/pip-21.3.tar.gz (from https://pypi.org/simple/pip/) (requires-python:>=3.6), version: 21.3
  Found link https://files.pythonhosted.org/packages/a4/6d/6463d49a933f547439d6b5b98b46af8742cc03ae83543e4d7688c2420f8b/pip-21.3.1-py3-none-any.whl (from https://pypi.org/simple/pip/) (requires-python:>=3.6), version: 21.3.1
  Found link https://files.pythonhosted.org/packages/da/f6/c83229dcc3635cdeb51874184241a9508ada15d8baa337a41093fab58011/pip-21.3.1.tar.gz (from https://pypi.org/simple/pip/) (requires-python:>=3.6), version: 21.3.1
  Found link https://files.pythonhosted.org/packages/9f/8b/a094f5da22d7abf5098205367b3296dd15b914f4232af5ca39ba6214d08c/pip-22.0-py3-none-any.whl (from https://pypi.org/simple/pip/) (requires-python:>=3.7), version: 22.0
  Found link https://files.pythonhosted.org/packages/4a/ca/e72b3b399d7a8cb34311aa8f52924108591c013b09f0268820afb4cd96fb/pip-22.0.tar.gz (from https://pypi.org/simple/pip/) (requires-python:>=3.7), version: 22.0
  Found link https://files.pythonhosted.org/packages/89/a1/2f4e58eda11e591fbfa518233378835679fc5ab766b690b3df85215014d5/pip-22.0.1-py3-none-any.whl (from https://pypi.org/simple/pip/) (requires-python:>=3.7), version: 22.0.1
  Found link https://files.pythonhosted.org/packages/63/71/5686e51f06fa59da55f7e81c3101844e57434a30f4a0d7456674d1459841/pip-22.0.1.tar.gz (from https://pypi.org/simple/pip/) (requires-python:>=3.7), version: 22.0.1
  Found link https://files.pythonhosted.org/packages/83/b5/df8640236faa5a3cb80bfafd68e9fb4b22578208b8398c032ccff803f9e0/pip-22.0.2-py3-none-any.whl (from https://pypi.org/simple/pip/) (requires-python:>=3.7), version: 22.0.2
  Found link https://files.pythonhosted.org/packages/d9/c1/146b24a7648fdf3f8b4dc6521ab0b26ac151ef903bac0b63a4e1450cb4d1/pip-22.0.2.tar.gz (from https://pypi.org/simple/pip/) (requires-python:>=3.7), version: 22.0.2
  Found link https://files.pythonhosted.org/packages/6a/df/a6ef77a6574781a668791419ffe366c8acd1c3cf4709d210cb53cd5ce1c2/pip-22.0.3-py3-none-any.whl (from https://pypi.org/simple/pip/) (requires-python:>=3.7), version: 22.0.3
  Found link https://files.pythonhosted.org/packages/88/d9/761f0b1e0551a3559afe4d34bd9bf68fc8de3292363b3775dda39b62ce84/pip-22.0.3.tar.gz (from https://pypi.org/simple/pip/) (requires-python:>=3.7), version: 22.0.3
  Found link https://files.pythonhosted.org/packages/4d/16/0a14ca596f30316efd412a60bdfac02a7259bf8673d4d917dc60b9a21812/pip-22.0.4-py3-none-any.whl (from https://pypi.org/simple/pip/) (requires-python:>=3.7), version: 22.0.4
  Found link https://files.pythonhosted.org/packages/33/c9/e2164122d365d8f823213a53970fa3005eb16218edcfc56ca24cb6deba2b/pip-22.0.4.tar.gz (from https://pypi.org/simple/pip/) (requires-python:>=3.7), version: 22.0.4
  Found link https://files.pythonhosted.org/packages/79/3a/d341ae105c8b49eac912bee40739d496ae80f9441efa7df6c68f4997bbc8/pip-22.1b1-py3-none-any.whl (from https://pypi.org/simple/pip/) (requires-python:>=3.7), version: 22.1b1
  Found link https://files.pythonhosted.org/packages/a7/c0/794f22836ef3202a7ad61f0872278ee7ac62e8c7617e4c9a08f01b5e82da/pip-22.1b1.tar.gz (from https://pypi.org/simple/pip/) (requires-python:>=3.7), version: 22.1b1
  Found link https://files.pythonhosted.org/packages/f3/77/23152f90de45957b59591c34dcb39b78194eb67d088d4f8799e9aa9726c4/pip-22.1-py3-none-any.whl (from https://pypi.org/simple/pip/) (requires-python:>=3.7), version: 22.1
  Found link https://files.pythonhosted.org/packages/99/bb/696e256f4f445809f25efd4e4ce42ff99664dc089cafa1e097d5fec7fc33/pip-22.1.tar.gz (from https://pypi.org/simple/pip/) (requires-python:>=3.7), version: 22.1
  Found link https://files.pythonhosted.org/packages/9b/e6/aa8149e048eda381f2a433599be9b1f5e5e3a189636cd6cf9614aa2ff5be/pip-22.1.1-py3-none-any.whl (from https://pypi.org/simple/pip/) (requires-python:>=3.7), version: 22.1.1
  Found link https://files.pythonhosted.org/packages/3e/0a/6125e67aa4d3245faeed476e4e26f190b5209f84f01efd733ac6372eb247/pip-22.1.1.tar.gz (from https://pypi.org/simple/pip/) (requires-python:>=3.7), version: 22.1.1
  Found link https://files.pythonhosted.org/packages/96/2f/caec18213f6a67852f6997fb0673ae08d2e93d1b81573edb93ba4ef06970/pip-22.1.2-py3-none-any.whl (from https://pypi.org/simple/pip/) (requires-python:>=3.7), version: 22.1.2
  Found link https://files.pythonhosted.org/packages/4b/b6/0fa7aa968a9fa4ef63a51b3ff0644e59f49dcd7235b3fd6cceb23f202e08/pip-22.1.2.tar.gz (from https://pypi.org/simple/pip/) (requires-python:>=3.7), version: 22.1.2
  Found link https://files.pythonhosted.org/packages/9b/9e/9e0610f25e65e2cdf90b1ee9c47ca710865401904038558ac0129ea23cbc/pip-22.2-py3-none-any.whl (from https://pypi.org/simple/pip/) (requires-python:>=3.7), version: 22.2
  Found link https://files.pythonhosted.org/packages/cd/b6/cf07132d631444dd7ce0ed199f2327eb34e2418f1675145e5b10e1ee65cd/pip-22.2.tar.gz (from https://pypi.org/simple/pip/) (requires-python:>=3.7), version: 22.2
  Found link https://files.pythonhosted.org/packages/84/25/5734a44897751d8bac6822efb819acda2d969bcc1b915bbd7d48102952cb/pip-22.2.1-py3-none-any.whl (from https://pypi.org/simple/pip/) (requires-python:>=3.7), version: 22.2.1
  Found link https://files.pythonhosted.org/packages/46/28/addd7e66bb3af799d35a5dcbb79407b591a7ed674f4efd2bd8f930c40821/pip-22.2.1.tar.gz (from https://pypi.org/simple/pip/) (requires-python:>=3.7), version: 22.2.1
  Found link https://files.pythonhosted.org/packages/1f/2c/d9626f045e7b49a6225c6b09257861f24da78f4e5f23af2ddbdf852c99b8/pip-22.2.2-py3-none-any.whl (from https://pypi.org/simple/pip/) (requires-python:>=3.7), version: 22.2.2
  Found link https://files.pythonhosted.org/packages/4b/30/e15b806597e67057e07a5acdc135216ccbf76a5f1681a324533b61066b0b/pip-22.2.2.tar.gz (from https://pypi.org/simple/pip/) (requires-python:>=3.7), version: 22.2.2
  Found link https://files.pythonhosted.org/packages/47/ef/8b5470b5b94b36231ed9c0bde90caa71c0d4322d4a15f009b2b7f4287fe0/pip-22.3-py3-none-any.whl (from https://pypi.org/simple/pip/) (requires-python:>=3.7), version: 22.3
  Found link https://files.pythonhosted.org/packages/f8/08/7f92782ff571c7c7cb6c5eeb8ebbb1f68cb02bdb24e55c5de4dd9ce98bc3/pip-22.3.tar.gz (from https://pypi.org/simple/pip/) (requires-python:>=3.7), version: 22.3
  Found link https://files.pythonhosted.org/packages/09/bd/2410905c76ee14c62baf69e3f4aa780226c1bbfc9485731ad018e35b0cb5/pip-22.3.1-py3-none-any.whl (from https://pypi.org/simple/pip/) (requires-python:>=3.7), version: 22.3.1
  Found link https://files.pythonhosted.org/packages/a3/50/c4d2727b99052780aad92c7297465af5fe6eec2dbae490aa9763273ffdc1/pip-22.3.1.tar.gz (from https://pypi.org/simple/pip/) (requires-python:>=3.7), version: 22.3.1
  Found link https://files.pythonhosted.org/packages/ab/43/508c403c38eeaa5fc86516eb13bb470ce77601b6d2bbcdb16e26328d0a15/pip-23.0-py3-none-any.whl (from https://pypi.org/simple/pip/) (requires-python:>=3.7), version: 23.0
  Found link https://files.pythonhosted.org/packages/b5/16/5e24bf63cff51dcc169f43bd43b86b005c49941e09cc3482a5b370db239e/pip-23.0.tar.gz (from https://pypi.org/simple/pip/) (requires-python:>=3.7), version: 23.0
  Found link https://files.pythonhosted.org/packages/07/51/2c0959c5adf988c44d9e1e0d940f5b074516ecc87e96b1af25f59de9ba38/pip-23.0.1-py3-none-any.whl (from https://pypi.org/simple/pip/) (requires-python:>=3.7), version: 23.0.1
  Found link https://files.pythonhosted.org/packages/6b/8b/0b16094553ecc680e43ded8f920c3873b01b1da79a54274c98f08cb29fca/pip-23.0.1.tar.gz (from https://pypi.org/simple/pip/) (requires-python:>=3.7), version: 23.0.1
  Found link https://files.pythonhosted.org/packages/ae/db/a8821cdac455a1740580c92de3ed7b7f257cfdbad8b1ba8864e6abe58a08/pip-23.1-py3-none-any.whl (from https://pypi.org/simple/pip/) (requires-python:>=3.7), version: 23.1
  Found link https://files.pythonhosted.org/packages/da/bf/1bdbe62f5fbde085351693e3a8e387a59f8220932b911b1719fe65efa2d7/pip-23.1.tar.gz (from https://pypi.org/simple/pip/) (requires-python:>=3.7), version: 23.1
  Found link https://files.pythonhosted.org/packages/f8/f8/17bd3f7c13515523d811ce4104410c16c03e3c6830f9276612e2f4b28382/pip-23.1.1-py3-none-any.whl (from https://pypi.org/simple/pip/) (requires-python:>=3.7), version: 23.1.1
  Found link https://files.pythonhosted.org/packages/43/7d/1f52f99a7f2eae870483b2c2a3064511487de87911bce146df8a154fbe81/pip-23.1.1.tar.gz (from https://pypi.org/simple/pip/) (requires-python:>=3.7), version: 23.1.1
  Found link https://files.pythonhosted.org/packages/08/e3/57d4c24a050aa0bcca46b2920bff40847db79535dc78141eb83581a52eb8/pip-23.1.2-py3-none-any.whl (from https://pypi.org/simple/pip/) (requires-python:>=3.7), version: 23.1.2
  Found link https://files.pythonhosted.org/packages/fa/ee/74ff76da0ab649eec7581233daeb43d8aa35383d8f75317b2ab3b80c922f/pip-23.1.2.tar.gz (from https://pypi.org/simple/pip/) (requires-python:>=3.7), version: 23.1.2
  Found link https://files.pythonhosted.org/packages/02/65/f15431ddee78562355ccb39097bf9160a1689f2db40dc418754be98806a1/pip-23.2-py3-none-any.whl (from https://pypi.org/simple/pip/) (requires-python:>=3.7), version: 23.2
  Found link https://files.pythonhosted.org/packages/3d/ab/21fa8d1ecf5648559f056fda732b0f9fca0585eb2688252e67f70e74deaf/pip-23.2.tar.gz (from https://pypi.org/simple/pip/) (requires-python:>=3.7), version: 23.2
  Found link https://files.pythonhosted.org/packages/50/c2/e06851e8cc28dcad7c155f4753da8833ac06a5c704c109313b8d5a62968a/pip-23.2.1-py3-none-any.whl (from https://pypi.org/simple/pip/) (requires-python:>=3.7), version: 23.2.1
  Found link https://files.pythonhosted.org/packages/ba/19/e63fb4e0d20e48bd2167bb7e857abc0e21679e24805ba921a224df8977c0/pip-23.2.1.tar.gz (from https://pypi.org/simple/pip/) (requires-python:>=3.7), version: 23.2.1
  Found link https://files.pythonhosted.org/packages/e0/63/b428aaca15fcd98c39b07ca7149e24bc14205ad0f1c80ba2b01835aedde1/pip-23.3-py3-none-any.whl (from https://pypi.org/simple/pip/) (requires-python:>=3.7), version: 23.3
  Found link https://files.pythonhosted.org/packages/0d/f6/07ef4561bb911285c229fa46ed3df1877bd6c5325c4c67d516560d59a6e6/pip-23.3.tar.gz (from https://pypi.org/simple/pip/) (requires-python:>=3.7), version: 23.3
  Found link https://files.pythonhosted.org/packages/47/6a/453160888fab7c6a432a6e25f8afe6256d0d9f2cbd25971021da6491d899/pip-23.3.1-py3-none-any.whl (from https://pypi.org/simple/pip/) (requires-python:>=3.7), version: 23.3.1
  Found link https://files.pythonhosted.org/packages/1f/7f/4da15e07ccd11c84c1ccc8f6e24288d5e76c99441bf80e315b33542db951/pip-23.3.1.tar.gz (from https://pypi.org/simple/pip/) (requires-python:>=3.7), version: 23.3.1
  Found link https://files.pythonhosted.org/packages/15/aa/3f4c7bcee2057a76562a5b33ecbd199be08cdb4443a02e26bd2c3cf6fc39/pip-23.3.2-py3-none-any.whl (from https://pypi.org/simple/pip/) (requires-python:>=3.7), version: 23.3.2
  Found link https://files.pythonhosted.org/packages/b7/06/6b1ad0ae8f97d7a0d6f6ad640db10780578999e647a9593512ceb6f06469/pip-23.3.2.tar.gz (from https://pypi.org/simple/pip/) (requires-python:>=3.7), version: 23.3.2
  Found link https://files.pythonhosted.org/packages/8a/6a/19e9fe04fca059ccf770861c7d5721ab4c2aebc539889e97c7977528a53b/pip-24.0-py3-none-any.whl (from https://pypi.org/simple/pip/) (requires-python:>=3.7), version: 24.0
  Found link https://files.pythonhosted.org/packages/94/59/6638090c25e9bc4ce0c42817b5a234e183872a1129735a9330c472cc2056/pip-24.0.tar.gz (from https://pypi.org/simple/pip/) (requires-python:>=3.7), version: 24.0
  Found link https://files.pythonhosted.org/packages/1e/65/22725f8ba583376d0c300c3b9b52b9a67cfd93d786a80be73c167e45abc8/pip-24.1b1-py3-none-any.whl (from https://pypi.org/simple/pip/) (requires-python:>=3.8), version: 24.1b1
  Found link https://files.pythonhosted.org/packages/71/38/b0cb3d68b4776b6208a2f16b6d444a848a1fe465a78ce4b7dbbeb8a4fc58/pip-24.1b1.tar.gz (from https://pypi.org/simple/pip/) (requires-python:>=3.8), version: 24.1b1
  Found link https://files.pythonhosted.org/packages/c1/64/0f1528ed3dfd75a56e084caab3c8dbed596bf87a1dfc40cbc57166bb0c25/pip-24.1b2-py3-none-any.whl (from https://pypi.org/simple/pip/) (requires-python:>=3.8), version: 24.1b2
  Found link https://files.pythonhosted.org/packages/0b/b2/1d1eac32a16fd9478fb9bc6eb6b899f91e6fecceba194fa097c35d385e9a/pip-24.1b2.tar.gz (from https://pypi.org/simple/pip/) (requires-python:>=3.8), version: 24.1b2
  Found link https://files.pythonhosted.org/packages/25/49/2255373efd193c6fbd97dc22399e9c830a6517a0f02ca77fbc0bd83ac5cc/pip-24.1-py3-none-any.whl (from https://pypi.org/simple/pip/) (requires-python:>=3.8), version: 24.1
  Found link https://files.pythonhosted.org/packages/df/60/7538a9cd4d76829c2f585b73d6e400c833a1769408451c813354c58de6cc/pip-24.1.tar.gz (from https://pypi.org/simple/pip/) (requires-python:>=3.8), version: 24.1
  Found link https://files.pythonhosted.org/packages/f4/ab/e3c039b5ddba9335bd8f82d599eb310de1d2a2db0411b8d804d507405c74/pip-24.1.1-py3-none-any.whl (from https://pypi.org/simple/pip/) (requires-python:>=3.8), version: 24.1.1
  Found link https://files.pythonhosted.org/packages/c0/d0/9641dc7b05877874c6418f8034ddefc809495e65caa14d38c7551cd114bb/pip-24.1.1.tar.gz (from https://pypi.org/simple/pip/) (requires-python:>=3.8), version: 24.1.1
  Found link https://files.pythonhosted.org/packages/e7/54/0c1c068542cee73d8863336e974fc881e608d0170f3af15d0c0f28644531/pip-24.1.2-py3-none-any.whl (from https://pypi.org/simple/pip/) (requires-python:>=3.8), version: 24.1.2
  Found link https://files.pythonhosted.org/packages/12/3d/d899257cace386bebb7bdf8a872d5fe3b935cc6381c3ddb76d3e5d99890d/pip-24.1.2.tar.gz (from https://pypi.org/simple/pip/) (requires-python:>=3.8), version: 24.1.2
  Found link https://files.pythonhosted.org/packages/d4/55/90db48d85f7689ec6f81c0db0622d704306c5284850383c090e6c7195a5c/pip-24.2-py3-none-any.whl (from https://pypi.org/simple/pip/) (requires-python:>=3.8), version: 24.2
  Found link https://files.pythonhosted.org/packages/4d/87/fb90046e096a03aeab235e139436b3fe804cdd447ed2093b0d70eba3f7f8/pip-24.2.tar.gz (from https://pypi.org/simple/pip/) (requires-python:>=3.8), version: 24.2
  Found link https://files.pythonhosted.org/packages/ce/22/4bb91eb040e18eedaba1ba9db41ef909bc73d20023cea09024099909998a/pip-24.3-py3-none-any.whl (from https://pypi.org/simple/pip/) (requires-python:>=3.8), version: 24.3
  Found link https://files.pythonhosted.org/packages/a3/63/dca2c8e2dbfbde322386caf6e674f97f46a6f11d496dc96b99594f8ecc33/pip-24.3.tar.gz (from https://pypi.org/simple/pip/) (requires-python:>=3.8), version: 24.3
  Found link https://files.pythonhosted.org/packages/ef/7d/500c9ad20238fcfcb4cb9243eede163594d7020ce87bd9610c9e02771876/pip-24.3.1-py3-none-any.whl (from https://pypi.org/simple/pip/) (requires-python:>=3.8), version: 24.3.1
  Found link https://files.pythonhosted.org/packages/f4/b1/b422acd212ad7eedddaf7981eee6e5de085154ff726459cf2da7c5a184c1/pip-24.3.1.tar.gz (from https://pypi.org/simple/pip/) (requires-python:>=3.8), version: 24.3.1
  Found link https://files.pythonhosted.org/packages/85/8a/1ddf40be20103bcc605db840e9ade09c8e8c9f920a03e9cfe88eae97a058/pip-25.0-py3-none-any.whl (from https://pypi.org/simple/pip/) (requires-python:>=3.8), version: 25.0
  Found link https://files.pythonhosted.org/packages/47/3e/68beeeeb306ea20ffd30b3ed993f531d16cd884ec4f60c9b1e238f69f2af/pip-25.0.tar.gz (from https://pypi.org/simple/pip/) (requires-python:>=3.8), version: 25.0
  Found link https://files.pythonhosted.org/packages/c9/bc/b7db44f5f39f9d0494071bddae6880eb645970366d0a200022a1a93d57f5/pip-25.0.1-py3-none-any.whl (from https://pypi.org/simple/pip/) (requires-python:>=3.8), version: 25.0.1
  Found link https://files.pythonhosted.org/packages/70/53/b309b4a497b09655cb7e07088966881a57d082f48ac3cb54ea729fd2c6cf/pip-25.0.1.tar.gz (from https://pypi.org/simple/pip/) (requires-python:>=3.8), version: 25.0.1
  Found link https://files.pythonhosted.org/packages/e0/f0/8a2806114cd36e282823fd4d8e88e3b94dc943c2569c350d0c826a49db38/pip-25.1-py3-none-any.whl (from https://pypi.org/simple/pip/) (requires-python:>=3.9), version: 25.1
  Found link https://files.pythonhosted.org/packages/79/67/c06f625e2968c417052b3a4a0eef40656d5d4d44033e57b40ec474af1d28/pip-25.1.tar.gz (from https://pypi.org/simple/pip/) (requires-python:>=3.9), version: 25.1
  Found link https://files.pythonhosted.org/packages/29/a2/d40fb2460e883eca5199c62cfc2463fd261f760556ae6290f88488c362c0/pip-25.1.1-py3-none-any.whl (from https://pypi.org/simple/pip/) (requires-python:>=3.9), version: 25.1.1
  Found link https://files.pythonhosted.org/packages/59/de/241caa0ca606f2ec5fe0c1f4261b0465df78d786a38da693864a116c37f4/pip-25.1.1.tar.gz (from https://pypi.org/simple/pip/) (requires-python:>=3.9), version: 25.1.1
  Found link https://files.pythonhosted.org/packages/b7/3f/945ef7ab14dc4f9d7f40288d2df998d1837ee0888ec3659c813487572faa/pip-25.2-py3-none-any.whl (from https://pypi.org/simple/pip/) (requires-python:>=3.9), version: 25.2
  Found link https://files.pythonhosted.org/packages/20/16/650289cd3f43d5a2fadfd98c68bd1e1e7f2550a1a5326768cddfbcedb2c5/pip-25.2.tar.gz (from https://pypi.org/simple/pip/) (requires-python:>=3.9), version: 25.2
  Found link https://files.pythonhosted.org/packages/44/3c/d717024885424591d5376220b5e836c2d5293ce2011523c9de23ff7bf068/pip-25.3-py3-none-any.whl (from https://pypi.org/simple/pip/) (requires-python:>=3.9), version: 25.3
  Found link https://files.pythonhosted.org/packages/fe/6e/74a3f0179a4a73a53d66ce57fdb4de0080a8baa1de0063de206d6167acc2/pip-25.3.tar.gz (from https://pypi.org/simple/pip/) (requires-python:>=3.9), version: 25.3
  Found link https://files.pythonhosted.org/packages/69/00/5ac7aa77688ec4d34148b423d34dc0c9bc4febe0d872a9a1ad9860b2f6f1/pip-26.0-py3-none-any.whl (from https://pypi.org/simple/pip/) (requires-python:>=3.9), version: 26.0
  Found link https://files.pythonhosted.org/packages/44/c2/65686a7783a7c27a329706207147e82f23c41221ee9ae33128fc331670a0/pip-26.0.tar.gz (from https://pypi.org/simple/pip/) (requires-python:>=3.9), version: 26.0
  Found link https://files.pythonhosted.org/packages/de/f0/c81e05b613866b76d2d1066490adf1a3dbc4ee9d9c839961c3fc8a6997af/pip-26.0.1-py3-none-any.whl (from https://pypi.org/simple/pip/) (requires-python:>=3.9), version: 26.0.1
  Found link https://files.pythonhosted.org/packages/48/83/0d7d4e9efe3344b8e2fe25d93be44f64b65364d3c8d7bc6dc90198d5422e/pip-26.0.1.tar.gz (from https://pypi.org/simple/pip/) (requires-python:>=3.9), version: 26.0.1
Skipping link: not a file: https://pypi.org/simple/pip/
Given no hashes to check 257 links for project 'pip': discarding no candidates
Remote version of pip: 26.0.1
Local version of pip:  26.0.1
Was pip installed by pip? False
Removed build tracker: '/tmp/pip-build-tracker-qxuh4loz'
